Archive member included to satisfy reference by file (symbol)

c:/st/stm32cubeide_1.5.0/stm32cubeide/plugins/com.st.stm32cube.ide.mcu.externaltools.gnu-tools-for-stm32.9-2020-q2-update.win32_1.5.0.202011040924/tools/bin/../lib/gcc/arm-none-eabi/9.3.1/../../../../arm-none-eabi/lib/thumb/v7e-m+fp/hard\libc_nano.a(lib_a-errno.o)
                              Core/Src/syscalls.o (__errno)
c:/st/stm32cubeide_1.5.0/stm32cubeide/plugins/com.st.stm32cube.ide.mcu.externaltools.gnu-tools-for-stm32.9-2020-q2-update.win32_1.5.0.202011040924/tools/bin/../lib/gcc/arm-none-eabi/9.3.1/../../../../arm-none-eabi/lib/thumb/v7e-m+fp/hard\libc_nano.a(lib_a-exit.o)
                              c:/st/stm32cubeide_1.5.0/stm32cubeide/plugins/com.st.stm32cube.ide.mcu.externaltools.gnu-tools-for-stm32.9-2020-q2-update.win32_1.5.0.202011040924/tools/bin/../lib/gcc/arm-none-eabi/9.3.1/../../../../arm-none-eabi/lib/thumb/v7e-m+fp/hard/crt0.o (exit)
c:/st/stm32cubeide_1.5.0/stm32cubeide/plugins/com.st.stm32cube.ide.mcu.externaltools.gnu-tools-for-stm32.9-2020-q2-update.win32_1.5.0.202011040924/tools/bin/../lib/gcc/arm-none-eabi/9.3.1/../../../../arm-none-eabi/lib/thumb/v7e-m+fp/hard\libc_nano.a(lib_a-impure.o)
                              c:/st/stm32cubeide_1.5.0/stm32cubeide/plugins/com.st.stm32cube.ide.mcu.externaltools.gnu-tools-for-stm32.9-2020-q2-update.win32_1.5.0.202011040924/tools/bin/../lib/gcc/arm-none-eabi/9.3.1/../../../../arm-none-eabi/lib/thumb/v7e-m+fp/hard\libc_nano.a(lib_a-exit.o) (_global_impure_ptr)
c:/st/stm32cubeide_1.5.0/stm32cubeide/plugins/com.st.stm32cube.ide.mcu.externaltools.gnu-tools-for-stm32.9-2020-q2-update.win32_1.5.0.202011040924/tools/bin/../lib/gcc/arm-none-eabi/9.3.1/../../../../arm-none-eabi/lib/thumb/v7e-m+fp/hard\libc_nano.a(lib_a-init.o)
                              c:/st/stm32cubeide_1.5.0/stm32cubeide/plugins/com.st.stm32cube.ide.mcu.externaltools.gnu-tools-for-stm32.9-2020-q2-update.win32_1.5.0.202011040924/tools/bin/../lib/gcc/arm-none-eabi/9.3.1/../../../../arm-none-eabi/lib/thumb/v7e-m+fp/hard/crt0.o (__libc_init_array)
c:/st/stm32cubeide_1.5.0/stm32cubeide/plugins/com.st.stm32cube.ide.mcu.externaltools.gnu-tools-for-stm32.9-2020-q2-update.win32_1.5.0.202011040924/tools/bin/../lib/gcc/arm-none-eabi/9.3.1/../../../../arm-none-eabi/lib/thumb/v7e-m+fp/hard\libc_nano.a(lib_a-memset.o)
                              c:/st/stm32cubeide_1.5.0/stm32cubeide/plugins/com.st.stm32cube.ide.mcu.externaltools.gnu-tools-for-stm32.9-2020-q2-update.win32_1.5.0.202011040924/tools/bin/../lib/gcc/arm-none-eabi/9.3.1/../../../../arm-none-eabi/lib/thumb/v7e-m+fp/hard/crt0.o (memset)
c:/st/stm32cubeide_1.5.0/stm32cubeide/plugins/com.st.stm32cube.ide.mcu.externaltools.gnu-tools-for-stm32.9-2020-q2-update.win32_1.5.0.202011040924/tools/bin/../lib/gcc/arm-none-eabi/9.3.1/../../../../arm-none-eabi/lib/thumb/v7e-m+fp/hard\libc_nano.a(lib_a-sprintf.o)
                              Core/Src/main.o (sprintf)
c:/st/stm32cubeide_1.5.0/stm32cubeide/plugins/com.st.stm32cube.ide.mcu.externaltools.gnu-tools-for-stm32.9-2020-q2-update.win32_1.5.0.202011040924/tools/bin/../lib/gcc/arm-none-eabi/9.3.1/../../../../arm-none-eabi/lib/thumb/v7e-m+fp/hard\libc_nano.a(lib_a-strlen.o)
                              Core/Src/main.o (strlen)
c:/st/stm32cubeide_1.5.0/stm32cubeide/plugins/com.st.stm32cube.ide.mcu.externaltools.gnu-tools-for-stm32.9-2020-q2-update.win32_1.5.0.202011040924/tools/bin/../lib/gcc/arm-none-eabi/9.3.1/../../../../arm-none-eabi/lib/thumb/v7e-m+fp/hard\libc_nano.a(lib_a-nano-svfprintf.o)
                              c:/st/stm32cubeide_1.5.0/stm32cubeide/plugins/com.st.stm32cube.ide.mcu.externaltools.gnu-tools-for-stm32.9-2020-q2-update.win32_1.5.0.202011040924/tools/bin/../lib/gcc/arm-none-eabi/9.3.1/../../../../arm-none-eabi/lib/thumb/v7e-m+fp/hard\libc_nano.a(lib_a-sprintf.o) (_svfprintf_r)
c:/st/stm32cubeide_1.5.0/stm32cubeide/plugins/com.st.stm32cube.ide.mcu.externaltools.gnu-tools-for-stm32.9-2020-q2-update.win32_1.5.0.202011040924/tools/bin/../lib/gcc/arm-none-eabi/9.3.1/../../../../arm-none-eabi/lib/thumb/v7e-m+fp/hard\libc_nano.a(lib_a-nano-vfprintf_i.o)
                              c:/st/stm32cubeide_1.5.0/stm32cubeide/plugins/com.st.stm32cube.ide.mcu.externaltools.gnu-tools-for-stm32.9-2020-q2-update.win32_1.5.0.202011040924/tools/bin/../lib/gcc/arm-none-eabi/9.3.1/../../../../arm-none-eabi/lib/thumb/v7e-m+fp/hard\libc_nano.a(lib_a-nano-svfprintf.o) (_printf_i)
c:/st/stm32cubeide_1.5.0/stm32cubeide/plugins/com.st.stm32cube.ide.mcu.externaltools.gnu-tools-for-stm32.9-2020-q2-update.win32_1.5.0.202011040924/tools/bin/../lib/gcc/arm-none-eabi/9.3.1/../../../../arm-none-eabi/lib/thumb/v7e-m+fp/hard\libc_nano.a(lib_a-memchr.o)
[...]
Memory Configuration

Name             Origin             Length             Attributes
CCMRAM           0x0000000010000000 0x0000000000010000 xrw
RAM              0x0000000020000000 0x0000000000020000 xrw
FLASH            0x0000000008000000 0x0000000000100000 xr
*default*        0x0000000000000000 0xffffffffffffffff

Linker script and memory map

LOAD c:/st/stm32cubeide_1.5.0/stm32cubeide/plugins/com.st.stm32cube.ide.mcu.externaltools.gnu-tools-for-stm32.9-2020-q2-update.win32_1.5.0.202011040924/tools/bin/../lib/gcc/arm-none-eabi/9.3.1/thumb/v7e-m+fp/hard/crti.o
LOAD c:/st/stm32cubeide_1.5.0/stm32cubeide/plugins/com.st.stm32cube.ide.mcu.externaltools.gnu-tools-for-stm32.9-2020-q2-update.win32_1.5.0.202011040924/tools/bin/../lib/gcc/arm-none-eabi/9.3.1/thumb/v7e-m+fp/hard/crtbegin.o
LOAD c:/st/stm32cubeide_1.5.0/stm32cubeide/plugins/com.st.stm32cube.ide.mcu.externaltools.gnu-tools-for-stm32.9-2020-q2-update.win32_1.5.0.202011040924/tools/bin/../lib/gcc/arm-none-eabi/9.3.1/../../../../arm-none-eabi/lib/thumb/v7e-m+fp/hard/crt0.o
LOAD Core/Src/main.o
LOAD Core/Src/stm32f4xx_hal_msp.o
LOAD Core/Src/stm32f4xx_it.o
LOAD Core/Src/syscalls.o
LOAD Core/Src/sysmem.o
LOAD Core/Src/system_stm32f4xx.o
LOAD Core/Startup/startup_stm32f407vgtx.o
LOAD Drivers/STM32F4xx_HAL_Driver/Src/stm32f4xx_hal.o
LOAD Drivers/STM32F4xx_HAL_Driver/Src/stm32f4xx_hal_adc.o
LOAD Drivers/STM32F4xx_HAL_Driver/Src/stm32f4xx_hal_adc_ex.o
LOAD Drivers/STM32F4xx_HAL_Driver/Src/stm32f4xx_hal_cortex.o
LOAD Drivers/STM32F4xx_HAL_Driver/Src/stm32f4xx_hal_dma.o
LOAD Drivers/STM32F4xx_HAL_Driver/Src/stm32f4xx_hal_dma_ex.o
LOAD Drivers/STM32F4xx_HAL_Driver/Src/stm32f4xx_hal_exti.o
LOAD Drivers/STM32F4xx_HAL_Driver/Src/stm32f4xx_hal_flash.o
LOAD Drivers/STM32F4xx_HAL_Driver/Src/stm32f4xx_hal_flash_ex.o
LOAD Drivers/STM32F4xx_HAL_Driver/Src/stm32f4xx_hal_flash_ramfunc.o
LOAD Drivers/STM32F4xx_HAL_Driver/Src/stm32f4xx_hal_gpio.o
LOAD Drivers/STM32F4xx_HAL_Driver/Src/stm32f4xx_hal_pcd.o
LOAD Drivers/STM32F4xx_HAL_Driver/Src/stm32f4xx_hal_pcd_ex.o
LOAD Drivers/STM32F4xx_HAL_Driver/Src/stm32f4xx_hal_pwr.o
LOAD Drivers/STM32F4xx_HAL_Driver/Src/stm32f4xx_hal_pwr_ex.o
LOAD Drivers/STM32F4xx_HAL_Driver/Src/stm32f4xx_hal_rcc.o
LOAD Drivers/STM32F4xx_HAL_Driver/Src/stm32f4xx_hal_rcc_ex.o
LOAD Drivers/STM32F4xx_HAL_Driver/Src/stm32f4xx_hal_tim.o
LOAD Drivers/STM32F4xx_HAL_Driver/Src/stm32f4xx_hal_tim_ex.o
LOAD Drivers/STM32F4xx_HAL_Driver/Src/stm32f4xx_ll_adc.o
LOAD Drivers/STM32F4xx_HAL_Driver/Src/stm32f4xx_ll_usb.o
LOAD Middlewares/ST/STM32_USB_Device_Library/Class/CDC/Src/usbd_cdc.o
LOAD Middlewares/ST/STM32_USB_Device_Library/Core/Src/usbd_core.o
LOAD Middlewares/ST/STM32_USB_Device_Library/Core/Src/usbd_ctlreq.o
LOAD Middlewares/ST/STM32_USB_Device_Library/Core/Src/usbd_ioreq.o
LOAD USB_DEVICE/App/usb_device.o
LOAD USB_DEVICE/App/usbd_cdc_if.o
LOAD USB_DEVICE/App/usbd_desc.o
LOAD USB_DEVICE/Target/usbd_conf.o
START GROUP
LOAD c:/st/stm32cubeide_1.5.0/stm32cubeide/plugins/com.st.stm32cube.ide.mcu.externaltools.gnu-tools-for-stm32.9-2020-q2-update.win32_1.5.0.202011040924/tools/bin/../lib/gcc/arm-none-eabi/9.3.1/../../../../arm-none-eabi/lib/thumb/v7e-m+fp/hard\libc_nano.a
LOAD c:/st/stm32cubeide_1.5.0/stm32cubeide/plugins/com.st.stm32cube.ide.mcu.externaltools.gnu-tools-for-stm32.9-2020-q2-update.win32_1.5.0.202011040924/tools/bin/../lib/gcc/arm-none-eabi/9.3.1/../../../../arm-none-eabi/lib/thumb/v7e-m+fp/hard\libm.a
END GROUP
START GROUP
LOAD c:/st/stm32cubeide_1.5.0/stm32cubeide/plugins/com.st.stm32cube.ide.mcu.externaltools.gnu-tools-for-stm32.9-2020-q2-update.win32_1.5.0.202011040924/tools/bin/../lib/gcc/arm-none-eabi/9.3.1/thumb/v7e-m+fp/hard\libgcc.a
LOAD c:/st/stm32cubeide_1.5.0/stm32cubeide/plugins/com.st.stm32cube.ide.mcu.externaltools.gnu-tools-for-stm32.9-2020-q2-update.win32_1.5.0.202011040924/tools/bin/../lib/gcc/arm-none-eabi/9.3.1/../../../../arm-none-eabi/lib/thumb/v7e-m+fp/hard\libc_nano.a
END GROUP
START GROUP
LOAD c:/st/stm32cubeide_1.5.0/stm32cubeide/plugins/com.st.stm32cube.ide.mcu.externaltools.gnu-tools-for-stm32.9-2020-q2-update.win32_1.5.0.202011040924/tools/bin/../lib/gcc/arm-none-eabi/9.3.1/thumb/v7e-m+fp/hard\libgcc.a
LOAD c:/st/stm32cubeide_1.5.0/stm32cubeide/plugins/com.st.stm32cube.ide.mcu.externaltools.gnu-tools-for-stm32.9-2020-q2-update.win32_1.5.0.202011040924/tools/bin/../lib/gcc/arm-none-eabi/9.3.1/../../../../arm-none-eabi/lib/thumb/v7e-m+fp/hard\libc_nano.a
LOAD c:/st/stm32cubeide_1.5.0/stm32cubeide/plugins/com.st.stm32cube.ide.mcu.externaltools.gnu-tools-for-stm32.9-2020-q2-update.win32_1.5.0.202011040924/tools/bin/../lib/gcc/arm-none-eabi/9.3.1/../../../../arm-none-eabi/lib/thumb/v7e-m+fp/hard\libnosys.a
END GROUP
START GROUP
LOAD c:/st/stm32cubeide_1.5.0/stm32cubeide/plugins/com.st.stm32cube.ide.mcu.externaltools.gnu-tools-for-stm32.9-2020-q2-update.win32_1.5.0.202011040924/tools/bin/../lib/gcc/arm-none-eabi/9.3.1/thumb/v7e-m+fp/hard\libgcc.a
LOAD c:/st/stm32cubeide_1.5.0/stm32cubeide/plugins/com.st.stm32cube.ide.mcu.externaltools.gnu-tools-for-stm32.9-2020-q2-update.win32_1.5.0.202011040924/tools/bin/../lib/gcc/arm-none-eabi/9.3.1/../../../../arm-none-eabi/lib/thumb/v7e-m+fp/hard\libc_nano.a
LOAD c:/st/stm32cubeide_1.5.0/stm32cubeide/plugins/com.st.stm32cube.ide.mcu.externaltools.gnu-tools-for-stm32.9-2020-q2-update.win32_1.5.0.202011040924/tools/bin/../lib/gcc/arm-none-eabi/9.3.1/../../../../arm-none-eabi/lib/thumb/v7e-m+fp/hard\libnosys.a
END GROUP
LOAD c:/st/stm32cubeide_1.5.0/stm32cubeide/plugins/com.st.stm32cube.ide.mcu.externaltools.gnu-tools-for-stm32.9-2020-q2-update.win32_1.5.0.202011040924/tools/bin/../lib/gcc/arm-none-eabi/9.3.1/thumb/v7e-m+fp/hard/crtend.o
LOAD c:/st/stm32cubeide_1.5.0/stm32cubeide/plugins/com.st.stm32cube.ide.mcu.externaltools.gnu-tools-for-stm32.9-2020-q2-update.win32_1.5.0.202011040924/tools/bin/../lib/gcc/arm-none-eabi/9.3.1/thumb/v7e-m+fp/hard/crtn.o
                0x0000000020020000                _estack = (ORIGIN (RAM) + LENGTH (RAM))
                0x0000000000000200                _Min_Heap_Size = 0x200
                0x0000000000000400                _Min_Stack_Size = 0x400

.isr_vector     0x0000000008000000      0x188
                0x0000000008000000                . = ALIGN (0x4)
 *(.isr_vector)
 .isr_vector    0x0000000008000000      0x188 Core/Startup/startup_stm32f407vgtx.o
                0x0000000008000000                g_pfnVectors
                0x0000000008000188                . = ALIGN (0x4)

.text           0x0000000008000190     0x7cc8
                0x0000000008000190                . = ALIGN (0x4)
 *(.text)
 .text          0x0000000008000190       0x40 c:/st/stm32cubeide_1.5.0/stm32cubeide/plugins/com.st.stm32cube.ide.mcu.externaltools.gnu-tools-for-stm32.9-2020-q2-update.win32_1.5.0.202011040924/tools/bin/../lib/gcc/arm-none-eabi/9.3.1/thumb/v7e-m+fp/hard/crtbegin.o
 .text          0x00000000080001d0       0x10 c:/st/stm32cubeide_1.5.0/stm32cubeide/plugins/com.st.stm32cube.ide.mcu.externaltools.gnu-tools-for-stm32.9-2020-q2-update.win32_1.5.0.202011040924/tools/bin/../lib/gcc/arm-none-eabi/9.3.1/../../../../arm-none-eabi/lib/thumb/v7e-m+fp/hard\libc_nano.a(lib_a-strlen.o)
                0x00000000080001d0                strlen
 .text          0x00000000080001e0       0xa0 c:/st/stm32cubeide_1.5.0/stm32cubeide/plugins/com.st.stm32cube.ide.mcu.externaltools.gnu-tools-for-stm32.9-2020-q2-update.win32_1.5.0.202011040924/tools/bin/../lib/gcc/arm-none-eabi/9.3.1/../../../../arm-none-eabi/lib/thumb/v7e-m+fp/hard\libc_nano.a(lib_a-memchr.o)
                0x00000000080001e0                memchr
 .text          0x0000000008000280       0x30 c:/st/stm32cubeide_1.5.0/stm32cubeide/plugins/com.st.stm32cube.ide.mcu.externaltools.gnu-tools-for-stm32.9-2020-q2-update.win32_1.5.0.202011040924/tools/bin/../lib/gcc/arm-none-eabi/9.3.1/thumb/v7e-m+fp/hard\libgcc.a(_aeabi_uldivmod.o)
                0x0000000008000280                __aeabi_uldivmod
 .text          0x00000000080002b0      0x2c4 c:/st/stm32cubeide_1.5.0/stm32cubeide/plugins/com.st.stm32cube.ide.mcu.externaltools.gnu-tools-for-stm32.9-2020-q2-update.win32_1.5.0.202011040924/tools/bin/../lib/gcc/arm-none-eabi/9.3.1/thumb/v7e-m+fp/hard\libgcc.a(_udivmoddi4.o)
                0x00000000080002b0                __udivmoddi4
 .text          0x0000000008000574        0x4 c:/st/stm32cubeide_1.5.0/stm32cubeide/plugins/com.st.stm32cube.ide.mcu.externaltools.gnu-tools-for-stm32.9-2020-q2-update.win32_1.5.0.202011040924/tools/bin/../lib/gcc/arm-none-eabi/9.3.1/thumb/v7e-m+fp/hard\libgcc.a(_dvmd_tls.o)
                0x0000000008000574                __aeabi_idiv0
                0x0000000008000574                __aeabi_ldiv0
 *(.text*)
 .text.main     0x0000000008000578       0x78 Core/Src/main.o
                0x0000000008000578                main
 .text.SystemClock_Config
                0x00000000080005f0       0xd8 Core/Src/main.o
                0x00000000080005f0                SystemClock_Config
 .text.MX_ADC1_Init
                0x00000000080006c8       0xa4 Core/Src/main.o
 .text.MX_DMA_Init
                0x000000000800076c       0x40 Core/Src/main.o
 .text.MX_GPIO_Init
                0x00000000080007ac       0x50 Core/Src/main.o
 .text.HAL_ADC_ConvCpltCallback
                0x00000000080007fc       0x20 Core/Src/main.o
                0x00000000080007fc                HAL_ADC_ConvCpltCallback
 .text.HAL_ADC_ConvHalfCpltCallback
                0x000000000800081c       0x14 Core/Src/main.o
                0x000000000800081c                HAL_ADC_ConvHalfCpltCallback
 .text.Error_Handler
                0x0000000008000830        0xa Core/Src/main.o
                0x0000000008000830                Error_Handler
 *fill*         0x000000000800083a        0x2 
 .text.HAL_MspInit
                0x000000000800083c       0x50 Core/Src/stm32f4xx_hal_msp.o
                0x000000000800083c                HAL_MspInit
 .text.HAL_ADC_MspInit
                0x000000000800088c       0xf0 Core/Src/stm32f4xx_hal_msp.o
                0x000000000800088c                HAL_ADC_MspInit
 .text.NMI_Handler
                0x000000000800097c        0x6 Core/Src/stm32f4xx_it.o
                0x000000000800097c                NMI_Handler
 .text.HardFault_Handler
                0x0000000008000982        0x6 Core/Src/stm32f4xx_it.o
                0x0000000008000982                HardFault_Handler
 .text.MemManage_Handler
                0x0000000008000988        0x6 Core/Src/stm32f4xx_it.o
                0x0000000008000988                MemManage_Handler
 .text.BusFault_Handler
                0x000000000800098e        0x6 Core/Src/stm32f4xx_it.o
                0x000000000800098e                BusFault_Handler
 .text.UsageFault_Handler
                0x0000000008000994        0x6 Core/Src/stm32f4xx_it.o
                0x0000000008000994                UsageFault_Handler
 .text.SVC_Handler
                0x000000000800099a        0xe Core/Src/stm32f4xx_it.o
                0x000000000800099a                SVC_Handler
 .text.DebugMon_Handler
                0x00000000080009a8        0xe Core/Src/stm32f4xx_it.o
                0x00000000080009a8                DebugMon_Handler
 .text.PendSV_Handler
                0x00000000080009b6        0xe Core/Src/stm32f4xx_it.o
                0x00000000080009b6                PendSV_Handler
 .text.SysTick_Handler
                0x00000000080009c4        0xc Core/Src/stm32f4xx_it.o
                0x00000000080009c4                SysTick_Handler
 .text.DMA2_Stream0_IRQHandler
                0x00000000080009d0       0x14 Core/Src/stm32f4xx_it.o
                0x00000000080009d0                DMA2_Stream0_IRQHandler
 .text.OTG_FS_IRQHandler
                0x00000000080009e4       0x14 Core/Src/stm32f4xx_it.o
                0x00000000080009e4                OTG_FS_IRQHandler
 .text._sbrk    0x00000000080009f8       0x6c Core/Src/sysmem.o
                0x00000000080009f8                _sbrk
 .text.SystemInit
                0x0000000008000a64       0x24 Core/Src/system_stm32f4xx.o
                0x0000000008000a64                SystemInit
 .text.Reset_Handler
                0x0000000008000a88       0x50 Core/Startup/startup_stm32f407vgtx.o
                0x0000000008000a88                Reset_Handler
 .text.Default_Handler
                0x0000000008000ad8        0x2 Core/Startup/startup_stm32f407vgtx.o
                0x0000000008000ad8                RTC_Alarm_IRQHandler
                0x0000000008000ad8                HASH_RNG_IRQHandler
                0x0000000008000ad8                EXTI2_IRQHandler
                0x0000000008000ad8                TIM8_CC_IRQHandler
                0x0000000008000ad8                TIM1_CC_IRQHandler
                0x0000000008000ad8                DMA2_Stream5_IRQHandler
                0x0000000008000ad8                DMA1_Stream5_IRQHandler
                0x0000000008000ad8                PVD_IRQHandler
                0x0000000008000ad8                SDIO_IRQHandler
                0x0000000008000ad8                TAMP_STAMP_IRQHandler
                0x0000000008000ad8                CAN2_RX1_IRQHandler
                0x0000000008000ad8                EXTI3_IRQHandler
                0x0000000008000ad8                TIM8_TRG_COM_TIM14_IRQHandler
                0x0000000008000ad8                TIM1_UP_TIM10_IRQHandler
                0x0000000008000ad8                TIM8_UP_TIM13_IRQHandler
                0x0000000008000ad8                I2C3_ER_IRQHandler
                0x0000000008000ad8                EXTI0_IRQHandler
                0x0000000008000ad8                I2C2_EV_IRQHandler
                0x0000000008000ad8                DMA1_Stream2_IRQHandler
                0x0000000008000ad8                CAN1_RX0_IRQHandler
                0x0000000008000ad8                FPU_IRQHandler
                0x0000000008000ad8                OTG_HS_WKUP_IRQHandler
                0x0000000008000ad8                CAN2_SCE_IRQHandler
                0x0000000008000ad8                DMA2_Stream2_IRQHandler
                0x0000000008000ad8                SPI1_IRQHandler
                0x0000000008000ad8                TIM6_DAC_IRQHandler
                0x0000000008000ad8                TIM1_BRK_TIM9_IRQHandler
                0x0000000008000ad8                DCMI_IRQHandler
                0x0000000008000ad8                CAN2_RX0_IRQHandler
                0x0000000008000ad8                DMA2_Stream3_IRQHandler
                0x0000000008000ad8                USART6_IRQHandler
                0x0000000008000ad8                USART3_IRQHandler
                0x0000000008000ad8                CAN1_RX1_IRQHandler
                0x0000000008000ad8                UART5_IRQHandler
                0x0000000008000ad8                TIM4_IRQHandler
                0x0000000008000ad8                I2C1_EV_IRQHandler
                0x0000000008000ad8                DMA1_Stream6_IRQHandler
                0x0000000008000ad8                DMA1_Stream1_IRQHandler
                0x0000000008000ad8                UART4_IRQHandler
                0x0000000008000ad8                TIM3_IRQHandler
                0x0000000008000ad8                RCC_IRQHandler
                0x0000000008000ad8                TIM8_BRK_TIM12_IRQHandler
                0x0000000008000ad8                Default_Handler
                0x0000000008000ad8                EXTI15_10_IRQHandler
                0x0000000008000ad8                ADC_IRQHandler
                0x0000000008000ad8                DMA1_Stream7_IRQHandler
                0x0000000008000ad8                TIM7_IRQHandler
                0x0000000008000ad8                CAN2_TX_IRQHandler
                0x0000000008000ad8                TIM5_IRQHandler
                0x0000000008000ad8                DMA2_Stream7_IRQHandler
                0x0000000008000ad8                I2C3_EV_IRQHandler
                0x0000000008000ad8                EXTI9_5_IRQHandler
                0x0000000008000ad8                RTC_WKUP_IRQHandler
                0x0000000008000ad8                ETH_WKUP_IRQHandler
                0x0000000008000ad8                SPI2_IRQHandler
                0x0000000008000ad8                OTG_HS_EP1_IN_IRQHandler
                0x0000000008000ad8                DMA1_Stream0_IRQHandler
                0x0000000008000ad8                CAN1_TX_IRQHandler
                0x0000000008000ad8                EXTI4_IRQHandler
                0x0000000008000ad8                FSMC_IRQHandler
                0x0000000008000ad8                ETH_IRQHandler
                0x0000000008000ad8                OTG_HS_EP1_OUT_IRQHandler
                0x0000000008000ad8                WWDG_IRQHandler
                0x0000000008000ad8                TIM2_IRQHandler
                0x0000000008000ad8                OTG_FS_WKUP_IRQHandler
                0x0000000008000ad8                TIM1_TRG_COM_TIM11_IRQHandler
                0x0000000008000ad8                OTG_HS_IRQHandler
                0x0000000008000ad8                EXTI1_IRQHandler
                0x0000000008000ad8                USART2_IRQHandler
                0x0000000008000ad8                I2C2_ER_IRQHandler
                0x0000000008000ad8                DMA2_Stream1_IRQHandler
                0x0000000008000ad8                CAN1_SCE_IRQHandler
                0x0000000008000ad8                FLASH_IRQHandler
                0x0000000008000ad8                DMA2_Stream4_IRQHandler
                0x0000000008000ad8                USART1_IRQHandler
                0x0000000008000ad8                SPI3_IRQHandler
                0x0000000008000ad8                DMA1_Stream4_IRQHandler
                0x0000000008000ad8                I2C1_ER_IRQHandler
                0x0000000008000ad8                DMA2_Stream6_IRQHandler
                0x0000000008000ad8                DMA1_Stream3_IRQHandler
 *fill*         0x0000000008000ada        0x2 
 .text.HAL_Init
                0x0000000008000adc       0x44 Drivers/STM32F4xx_HAL_Driver/Src/stm32f4xx_hal.o
                0x0000000008000adc                HAL_Init
 .text.HAL_InitTick
                0x0000000008000b20       0x60 Drivers/STM32F4xx_HAL_Driver/Src/stm32f4xx_hal.o
                0x0000000008000b20                HAL_InitTick
 .text.HAL_IncTick
                0x0000000008000b80       0x28 Drivers/STM32F4xx_HAL_Driver/Src/stm32f4xx_hal.o
                0x0000000008000b80                HAL_IncTick
 .text.HAL_GetTick
                0x0000000008000ba8       0x18 Drivers/STM32F4xx_HAL_Driver/Src/stm32f4xx_hal.o
                0x0000000008000ba8                HAL_GetTick
 .text.HAL_Delay
                0x0000000008000bc0       0x48 Drivers/STM32F4xx_HAL_Driver/Src/stm32f4xx_hal.o
                0x0000000008000bc0                HAL_Delay
 .text.HAL_ADC_Init
                0x0000000008000c08       0x86 Drivers/STM32F4xx_HAL_Driver/Src/stm32f4xx_hal_adc.o
                0x0000000008000c08                HAL_ADC_Init
 *fill*         0x0000000008000c8e        0x2 
 .text.HAL_ADC_Start_DMA
                0x0000000008000c90      0x220 Drivers/STM32F4xx_HAL_Driver/Src/stm32f4xx_hal_adc.o
                0x0000000008000c90                HAL_ADC_Start_DMA
 .text.HAL_ADC_ErrorCallback
                0x0000000008000eb0       0x14 Drivers/STM32F4xx_HAL_Driver/Src/stm32f4xx_hal_adc.o
                0x0000000008000eb0                HAL_ADC_ErrorCallback
 .text.HAL_ADC_ConfigChannel
                0x0000000008000ec4      0x244 Drivers/STM32F4xx_HAL_Driver/Src/stm32f4xx_hal_adc.o
                0x0000000008000ec4                HAL_ADC_ConfigChannel
 .text.ADC_Init
                0x0000000008001108      0x1f8 Drivers/STM32F4xx_HAL_Driver/Src/stm32f4xx_hal_adc.o
 .text.ADC_DMAConvCplt
                0x0000000008001300       0xba Drivers/STM32F4xx_HAL_Driver/Src/stm32f4xx_hal_adc.o
 .text.ADC_DMAHalfConvCplt
                0x00000000080013ba       0x1c Drivers/STM32F4xx_HAL_Driver/Src/stm32f4xx_hal_adc.o
 .text.ADC_DMAError
                0x00000000080013d6       0x2e Drivers/STM32F4xx_HAL_Driver/Src/stm32f4xx_hal_adc.o
 .text.__NVIC_SetPriorityGrouping
                0x0000000008001404       0x48 Drivers/STM32F4xx_HAL_Driver/Src/stm32f4xx_hal_cortex.o
 .text.__NVIC_GetPriorityGrouping
                0x000000000800144c       0x1c Drivers/STM32F4xx_HAL_Driver/Src/stm32f4xx_hal_cortex.o
 .text.__NVIC_EnableIRQ
                0x0000000008001468       0x3c Drivers/STM32F4xx_HAL_Driver/Src/stm32f4xx_hal_cortex.o
 .text.__NVIC_SetPriority
                0x00000000080014a4       0x54 Drivers/STM32F4xx_HAL_Driver/Src/stm32f4xx_hal_cortex.o
 .text.NVIC_EncodePriority
                0x00000000080014f8       0x66 Drivers/STM32F4xx_HAL_Driver/Src/stm32f4xx_hal_cortex.o
 *fill*         0x000000000800155e        0x2 
 .text.SysTick_Config
                0x0000000008001560       0x44 Drivers/STM32F4xx_HAL_Driver/Src/stm32f4xx_hal_cortex.o
 .text.HAL_NVIC_SetPriorityGrouping
                0x00000000080015a4       0x16 Drivers/STM32F4xx_HAL_Driver/Src/stm32f4xx_hal_cortex.o
                0x00000000080015a4                HAL_NVIC_SetPriorityGrouping
 .text.HAL_NVIC_SetPriority
                0x00000000080015ba       0x38 Drivers/STM32F4xx_HAL_Driver/Src/stm32f4xx_hal_cortex.o
                0x00000000080015ba                HAL_NVIC_SetPriority
 .text.HAL_NVIC_EnableIRQ
                0x00000000080015f2       0x1c Drivers/STM32F4xx_HAL_Driver/Src/stm32f4xx_hal_cortex.o
                0x00000000080015f2                HAL_NVIC_EnableIRQ
 .text.HAL_SYSTICK_Config
                0x000000000800160e       0x18 Drivers/STM32F4xx_HAL_Driver/Src/stm32f4xx_hal_cortex.o
                0x000000000800160e                HAL_SYSTICK_Config
 *fill*         0x0000000008001626        0x2 
 .text.HAL_DMA_Init
                0x0000000008001628      0x15c Drivers/STM32F4xx_HAL_Driver/Src/stm32f4xx_hal_dma.o
                0x0000000008001628                HAL_DMA_Init
 .text.HAL_DMA_Start_IT
                0x0000000008001784       0xb0 Drivers/STM32F4xx_HAL_Driver/Src/stm32f4xx_hal_dma.o
                0x0000000008001784                HAL_DMA_Start_IT
 .text.HAL_DMA_IRQHandler
                0x0000000008001834      0x314 Drivers/STM32F4xx_HAL_Driver/Src/stm32f4xx_hal_dma.o
                0x0000000008001834                HAL_DMA_IRQHandler
 .text.DMA_SetConfig
                0x0000000008001b48       0x5c Drivers/STM32F4xx_HAL_Driver/Src/stm32f4xx_hal_dma.o
 .text.DMA_CalcBaseAndBitshift
                0x0000000008001ba4       0x6c Drivers/STM32F4xx_HAL_Driver/Src/stm32f4xx_hal_dma.o
 .text.DMA_CheckFifoParam
                0x0000000008001c10       0xf8 Drivers/STM32F4xx_HAL_Driver/Src/stm32f4xx_hal_dma.o
 .text.HAL_GPIO_Init
                0x0000000008001d08      0x338 Drivers/STM32F4xx_HAL_Driver/Src/stm32f4xx_hal_gpio.o
                0x0000000008001d08                HAL_GPIO_Init
 .text.HAL_PCD_Init
                0x0000000008002040      0x23a Drivers/STM32F4xx_HAL_Driver/Src/stm32f4xx_hal_pcd.o
                0x0000000008002040                HAL_PCD_Init
 .text.HAL_PCD_Start
                0x000000000800227a       0x66 Drivers/STM32F4xx_HAL_Driver/Src/stm32f4xx_hal_pcd.o
                0x000000000800227a                HAL_PCD_Start
 .text.HAL_PCD_IRQHandler
                0x00000000080022e0      0x764 Drivers/STM32F4xx_HAL_Driver/Src/stm32f4xx_hal_pcd.o
                0x00000000080022e0                HAL_PCD_IRQHandler
 .text.HAL_PCD_SetAddress
                0x0000000008002a44       0x4a Drivers/STM32F4xx_HAL_Driver/Src/stm32f4xx_hal_pcd.o
                0x0000000008002a44                HAL_PCD_SetAddress
 .text.HAL_PCD_EP_Open
                0x0000000008002a8e       0xd0 Drivers/STM32F4xx_HAL_Driver/Src/stm32f4xx_hal_pcd.o
                0x0000000008002a8e                HAL_PCD_EP_Open
 .text.HAL_PCD_EP_Close
                0x0000000008002b5e       0x94 Drivers/STM32F4xx_HAL_Driver/Src/stm32f4xx_hal_pcd.o
                0x0000000008002b5e                HAL_PCD_EP_Close
 .text.HAL_PCD_EP_Receive
                0x0000000008002bf2       0x96 Drivers/STM32F4xx_HAL_Driver/Src/stm32f4xx_hal_pcd.o
                0x0000000008002bf2                HAL_PCD_EP_Receive
 .text.HAL_PCD_EP_GetRxCount
                0x0000000008002c88       0x30 Drivers/STM32F4xx_HAL_Driver/Src/stm32f4xx_hal_pcd.o
                0x0000000008002c88                HAL_PCD_EP_GetRxCount
 .text.HAL_PCD_EP_Transmit
                0x0000000008002cb8       0x94 Drivers/STM32F4xx_HAL_Driver/Src/stm32f4xx_hal_pcd.o
                0x0000000008002cb8                HAL_PCD_EP_Transmit
 .text.HAL_PCD_EP_SetStall
                0x0000000008002d4c       0xc8 Drivers/STM32F4xx_HAL_Driver/Src/stm32f4xx_hal_pcd.o
                0x0000000008002d4c                HAL_PCD_EP_SetStall
 .text.HAL_PCD_EP_ClrStall
                0x0000000008002e14       0xac Drivers/STM32F4xx_HAL_Driver/Src/stm32f4xx_hal_pcd.o
                0x0000000008002e14                HAL_PCD_EP_ClrStall
 .text.PCD_WriteEmptyTxFifo
                0x0000000008002ec0      0x11a Drivers/STM32F4xx_HAL_Driver/Src/stm32f4xx_hal_pcd.o
 *fill*         0x0000000008002fda        0x2 
 .text.PCD_EP_OutXfrComplete_int
                0x0000000008002fdc      0x218 Drivers/STM32F4xx_HAL_Driver/Src/stm32f4xx_hal_pcd.o
 .text.PCD_EP_OutSetupPacket_int
                0x00000000080031f4       0x8c Drivers/STM32F4xx_HAL_Driver/Src/stm32f4xx_hal_pcd.o
 .text.HAL_PCDEx_SetTxFiFo
                0x0000000008003280       0x8e Drivers/STM32F4xx_HAL_Driver/Src/stm32f4xx_hal_pcd_ex.o
                0x0000000008003280                HAL_PCDEx_SetTxFiFo
 .text.HAL_PCDEx_SetRxFiFo
                0x000000000800330e       0x22 Drivers/STM32F4xx_HAL_Driver/Src/stm32f4xx_hal_pcd_ex.o
                0x000000000800330e                HAL_PCDEx_SetRxFiFo
 .text.HAL_PCDEx_LPM_Callback
                0x0000000008003330       0x18 Drivers/STM32F4xx_HAL_Driver/Src/stm32f4xx_hal_pcd_ex.o
                0x0000000008003330                HAL_PCDEx_LPM_Callback
 .text.HAL_RCC_OscConfig
                0x0000000008003348      0x4f0 Drivers/STM32F4xx_HAL_Driver/Src/stm32f4xx_hal_rcc.o
                0x0000000008003348                HAL_RCC_OscConfig
 .text.HAL_RCC_ClockConfig
                0x0000000008003838      0x1cc Drivers/STM32F4xx_HAL_Driver/Src/stm32f4xx_hal_rcc.o
                0x0000000008003838                HAL_RCC_ClockConfig
 .text.HAL_RCC_GetSysClockFreq
                0x0000000008003a04      0x1c4 Drivers/STM32F4xx_HAL_Driver/Src/stm32f4xx_hal_rcc.o
                0x0000000008003a04                HAL_RCC_GetSysClockFreq
 .text.HAL_RCC_GetHCLKFreq
                0x0000000008003bc8       0x18 Drivers/STM32F4xx_HAL_Driver/Src/stm32f4xx_hal_rcc.o
                0x0000000008003bc8                HAL_RCC_GetHCLKFreq
 .text.USB_CoreInit
                0x0000000008003be0       0xc2 Drivers/STM32F4xx_HAL_Driver/Src/stm32f4xx_ll_usb.o
                0x0000000008003be0                USB_CoreInit
 *fill*         0x0000000008003ca2        0x2 
 .text.USB_SetTurnaroundTime
                0x0000000008003ca4      0x144 Drivers/STM32F4xx_HAL_Driver/Src/stm32f4xx_ll_usb.o
                0x0000000008003ca4                USB_SetTurnaroundTime
 .text.USB_EnableGlobalInt
                0x0000000008003de8       0x22 Drivers/STM32F4xx_HAL_Driver/Src/stm32f4xx_ll_usb.o
                0x0000000008003de8                USB_EnableGlobalInt
 .text.USB_DisableGlobalInt
                0x0000000008003e0a       0x22 Drivers/STM32F4xx_HAL_Driver/Src/stm32f4xx_ll_usb.o
                0x0000000008003e0a                USB_DisableGlobalInt
 .text.USB_SetCurrentMode
                0x0000000008003e2c       0x54 Drivers/STM32F4xx_HAL_Driver/Src/stm32f4xx_ll_usb.o
                0x0000000008003e2c                USB_SetCurrentMode
 .text.USB_DevInit
                0x0000000008003e80      0x2c8 Drivers/STM32F4xx_HAL_Driver/Src/stm32f4xx_ll_usb.o
                0x0000000008003e80                USB_DevInit
 .text.USB_FlushTxFifo
                0x0000000008004148       0x4c Drivers/STM32F4xx_HAL_Driver/Src/stm32f4xx_ll_usb.o
                0x0000000008004148                USB_FlushTxFifo
 .text.USB_FlushRxFifo
                0x0000000008004194       0x44 Drivers/STM32F4xx_HAL_Driver/Src/stm32f4xx_ll_usb.o
                0x0000000008004194                USB_FlushRxFifo
 .text.USB_SetDevSpeed
                0x00000000080041d8       0x32 Drivers/STM32F4xx_HAL_Driver/Src/stm32f4xx_ll_usb.o
                0x00000000080041d8                USB_SetDevSpeed
 .text.USB_GetDevSpeed
                0x000000000800420a       0x4a Drivers/STM32F4xx_HAL_Driver/Src/stm32f4xx_ll_usb.o
                0x000000000800420a                USB_GetDevSpeed
 .text.USB_ActivateEndpoint
                0x0000000008004254      0x10e Drivers/STM32F4xx_HAL_Driver/Src/stm32f4xx_ll_usb.o
                0x0000000008004254                USB_ActivateEndpoint
 *fill*         0x0000000008004362        0x2 
 .text.USB_DeactivateEndpoint
                0x0000000008004364      0x1b8 Drivers/STM32F4xx_HAL_Driver/Src/stm32f4xx_ll_usb.o
                0x0000000008004364                USB_DeactivateEndpoint
 .text.USB_EPStartXfer
                0x000000000800451c      0x488 Drivers/STM32F4xx_HAL_Driver/Src/stm32f4xx_ll_usb.o
                0x000000000800451c                USB_EPStartXfer
 .text.USB_EP0StartXfer
                0x00000000080049a4      0x2a6 Drivers/STM32F4xx_HAL_Driver/Src/stm32f4xx_ll_usb.o
                0x00000000080049a4                USB_EP0StartXfer
 .text.USB_WritePacket
                0x0000000008004c4a       0x6a Drivers/STM32F4xx_HAL_Driver/Src/stm32f4xx_ll_usb.o
                0x0000000008004c4a                USB_WritePacket
 .text.USB_ReadPacket
                0x0000000008004cb4       0x52 Drivers/STM32F4xx_HAL_Driver/Src/stm32f4xx_ll_usb.o
                0x0000000008004cb4                USB_ReadPacket
 .text.USB_EPSetStall
                0x0000000008004d06       0xdc Drivers/STM32F4xx_HAL_Driver/Src/stm32f4xx_ll_usb.o
                0x0000000008004d06                USB_EPSetStall
 .text.USB_EPClearStall
                0x0000000008004de2       0xcc Drivers/STM32F4xx_HAL_Driver/Src/stm32f4xx_ll_usb.o
                0x0000000008004de2                USB_EPClearStall
 .text.USB_SetDevAddress
                0x0000000008004eae       0x4c Drivers/STM32F4xx_HAL_Driver/Src/stm32f4xx_ll_usb.o
                0x0000000008004eae                USB_SetDevAddress
 .text.USB_DevConnect
                0x0000000008004efa       0x42 Drivers/STM32F4xx_HAL_Driver/Src/stm32f4xx_ll_usb.o
                0x0000000008004efa                USB_DevConnect
 .text.USB_DevDisconnect
                0x0000000008004f3c       0x42 Drivers/STM32F4xx_HAL_Driver/Src/stm32f4xx_ll_usb.o
                0x0000000008004f3c                USB_DevDisconnect
 .text.USB_ReadInterrupts
                0x0000000008004f7e       0x26 Drivers/STM32F4xx_HAL_Driver/Src/stm32f4xx_ll_usb.o
                0x0000000008004f7e                USB_ReadInterrupts
 .text.USB_ReadDevAllOutEpInterrupt
                0x0000000008004fa4       0x34 Drivers/STM32F4xx_HAL_Driver/Src/stm32f4xx_ll_usb.o
                0x0000000008004fa4                USB_ReadDevAllOutEpInterrupt
 .text.USB_ReadDevAllInEpInterrupt
                0x0000000008004fd8       0x34 Drivers/STM32F4xx_HAL_Driver/Src/stm32f4xx_ll_usb.o
                0x0000000008004fd8                USB_ReadDevAllInEpInterrupt
 .text.USB_ReadDevOutEPInterrupt
                0x000000000800500c       0x3c Drivers/STM32F4xx_HAL_Driver/Src/stm32f4xx_ll_usb.o
                0x000000000800500c                USB_ReadDevOutEPInterrupt
 .text.USB_ReadDevInEPInterrupt
                0x0000000008005048       0x5c Drivers/STM32F4xx_HAL_Driver/Src/stm32f4xx_ll_usb.o
                0x0000000008005048                USB_ReadDevInEPInterrupt
 .text.USB_GetMode
                0x00000000080050a4       0x1c Drivers/STM32F4xx_HAL_Driver/Src/stm32f4xx_ll_usb.o
                0x00000000080050a4                USB_GetMode
 .text.USB_ActivateSetup
                0x00000000080050c0       0x46 Drivers/STM32F4xx_HAL_Driver/Src/stm32f4xx_ll_usb.o
                0x00000000080050c0                USB_ActivateSetup
 *fill*         0x0000000008005106        0x2 
 .text.USB_EP0_OutStart
                0x0000000008005108       0xbc Drivers/STM32F4xx_HAL_Driver/Src/stm32f4xx_ll_usb.o
                0x0000000008005108                USB_EP0_OutStart
 .text.USB_CoreReset
                0x00000000080051c4       0x68 Drivers/STM32F4xx_HAL_Driver/Src/stm32f4xx_ll_usb.o
 .text.USBD_CDC_Init
                0x000000000800522c       0xfe Middlewares/ST/STM32_USB_Device_Library/Class/CDC/Src/usbd_cdc.o
 .text.USBD_CDC_DeInit
                0x000000000800532a       0x74 Middlewares/ST/STM32_USB_Device_Library/Class/CDC/Src/usbd_cdc.o
 *fill*         0x000000000800539e        0x2 
 .text.USBD_CDC_Setup
                0x00000000080053a0      0x190 Middlewares/ST/STM32_USB_Device_Library/Class/CDC/Src/usbd_cdc.o
 .text.USBD_CDC_DataIn
                0x0000000008005530       0xca Middlewares/ST/STM32_USB_Device_Library/Class/CDC/Src/usbd_cdc.o
 .text.USBD_CDC_DataOut
                0x00000000080055fa       0x56 Middlewares/ST/STM32_USB_Device_Library/Class/CDC/Src/usbd_cdc.o
 .text.USBD_CDC_EP0_RxReady
                0x0000000008005650       0x5a Middlewares/ST/STM32_USB_Device_Library/Class/CDC/Src/usbd_cdc.o
 *fill*         0x00000000080056aa        0x2 
 .text.USBD_CDC_GetFSCfgDesc
                0x00000000080056ac       0x20 Middlewares/ST/STM32_USB_Device_Library/Class/CDC/Src/usbd_cdc.o
 .text.USBD_CDC_GetHSCfgDesc
                0x00000000080056cc       0x20 Middlewares/ST/STM32_USB_Device_Library/Class/CDC/Src/usbd_cdc.o
 .text.USBD_CDC_GetOtherSpeedCfgDesc
                0x00000000080056ec       0x20 Middlewares/ST/STM32_USB_Device_Library/Class/CDC/Src/usbd_cdc.o
 .text.USBD_CDC_GetDeviceQualifierDescriptor
                0x000000000800570c       0x20 Middlewares/ST/STM32_USB_Device_Library/Class/CDC/Src/usbd_cdc.o
                0x000000000800570c                USBD_CDC_GetDeviceQualifierDescriptor
 .text.USBD_CDC_RegisterInterface
                0x000000000800572c       0x2a Middlewares/ST/STM32_USB_Device_Library/Class/CDC/Src/usbd_cdc.o
                0x000000000800572c                USBD_CDC_RegisterInterface
 .text.USBD_CDC_SetTxBuffer
                0x0000000008005756       0x3c Middlewares/ST/STM32_USB_Device_Library/Class/CDC/Src/usbd_cdc.o
                0x0000000008005756                USBD_CDC_SetTxBuffer
 .text.USBD_CDC_SetRxBuffer
                0x0000000008005792       0x32 Middlewares/ST/STM32_USB_Device_Library/Class/CDC/Src/usbd_cdc.o
                0x0000000008005792                USBD_CDC_SetRxBuffer
 .text.USBD_CDC_TransmitPacket
                0x00000000080057c4       0x60 Middlewares/ST/STM32_USB_Device_Library/Class/CDC/Src/usbd_cdc.o
                0x00000000080057c4                USBD_CDC_TransmitPacket
 .text.USBD_CDC_ReceivePacket
                0x0000000008005824       0x54 Middlewares/ST/STM32_USB_Device_Library/Class/CDC/Src/usbd_cdc.o
                0x0000000008005824                USBD_CDC_ReceivePacket
 .text.USBD_Init
                0x0000000008005878       0x60 Middlewares/ST/STM32_USB_Device_Library/Core/Src/usbd_core.o
                0x0000000008005878                USBD_Init
 .text.USBD_RegisterClass
                0x00000000080058d8       0x4e Middlewares/ST/STM32_USB_Device_Library/Core/Src/usbd_core.o
                0x00000000080058d8                USBD_RegisterClass
 .text.USBD_Start
                0x0000000008005926       0x18 Middlewares/ST/STM32_USB_Device_Library/Core/Src/usbd_core.o
                0x0000000008005926                USBD_Start
 .text.USBD_RunTestMode
                0x000000000800593e       0x16 Middlewares/ST/STM32_USB_Device_Library/Core/Src/usbd_core.o
                0x000000000800593e                USBD_RunTestMode
 .text.USBD_SetClassConfig
                0x0000000008005954       0x38 Middlewares/ST/STM32_USB_Device_Library/Core/Src/usbd_core.o
                0x0000000008005954                USBD_SetClassConfig
 .text.USBD_ClrClassConfig
                0x000000000800598c       0x30 Middlewares/ST/STM32_USB_Device_Library/Core/Src/usbd_core.o
                0x000000000800598c                USBD_ClrClassConfig
 .text.USBD_LL_SetupStage
                0x00000000080059bc       0xaa Middlewares/ST/STM32_USB_Device_Library/Core/Src/usbd_core.o
                0x00000000080059bc                USBD_LL_SetupStage
 .text.USBD_LL_DataOutStage
                0x0000000008005a66       0xc6 Middlewares/ST/STM32_USB_Device_Library/Core/Src/usbd_core.o
                0x0000000008005a66                USBD_LL_DataOutStage
 .text.USBD_LL_DataInStage
                0x0000000008005b2c      0x12c Middlewares/ST/STM32_USB_Device_Library/Core/Src/usbd_core.o
                0x0000000008005b2c                USBD_LL_DataInStage
 .text.USBD_LL_Reset
                0x0000000008005c58       0x9c Middlewares/ST/STM32_USB_Device_Library/Core/Src/usbd_core.o
                0x0000000008005c58                USBD_LL_Reset
 .text.USBD_LL_SetSpeed
                0x0000000008005cf4       0x20 Middlewares/ST/STM32_USB_Device_Library/Core/Src/usbd_core.o
                0x0000000008005cf4                USBD_LL_SetSpeed
 .text.USBD_LL_Suspend
                0x0000000008005d14       0x2c Middlewares/ST/STM32_USB_Device_Library/Core/Src/usbd_core.o
                0x0000000008005d14                USBD_LL_Suspend
 .text.USBD_LL_Resume
                0x0000000008005d40       0x30 Middlewares/ST/STM32_USB_Device_Library/Core/Src/usbd_core.o
                0x0000000008005d40                USBD_LL_Resume
 .text.USBD_LL_SOF
                0x0000000008005d70       0x44 Middlewares/ST/STM32_USB_Device_Library/Core/Src/usbd_core.o
                0x0000000008005d70                USBD_LL_SOF
 .text.USBD_LL_IsoINIncomplete
                0x0000000008005db4       0x4c Middlewares/ST/STM32_USB_Device_Library/Core/Src/usbd_core.o
                0x0000000008005db4                USBD_LL_IsoINIncomplete
 .text.USBD_LL_IsoOUTIncomplete
                0x0000000008005e00       0x4c Middlewares/ST/STM32_USB_Device_Library/Core/Src/usbd_core.o
                0x0000000008005e00                USBD_LL_IsoOUTIncomplete
 .text.USBD_LL_DevConnected
                0x0000000008005e4c       0x16 Middlewares/ST/STM32_USB_Device_Library/Core/Src/usbd_core.o
                0x0000000008005e4c                USBD_LL_DevConnected
 .text.USBD_LL_DevDisconnected
                0x0000000008005e62       0x38 Middlewares/ST/STM32_USB_Device_Library/Core/Src/usbd_core.o
                0x0000000008005e62                USBD_LL_DevDisconnected
 .text.SWAPBYTE
                0x0000000008005e9a       0x3c Middlewares/ST/STM32_USB_Device_Library/Core/Src/usbd_ctlreq.o
 *fill*         0x0000000008005ed6        0x2 
 .text.USBD_StdDevReq
                0x0000000008005ed8       0xdc Middlewares/ST/STM32_USB_Device_Library/Core/Src/usbd_ctlreq.o
                0x0000000008005ed8                USBD_StdDevReq
 .text.USBD_StdItfReq
                0x0000000008005fb4       0x92 Middlewares/ST/STM32_USB_Device_Library/Core/Src/usbd_ctlreq.o
                0x0000000008005fb4                USBD_StdItfReq
 .text.USBD_StdEPReq
                0x0000000008006046      0x2c4 Middlewares/ST/STM32_USB_Device_Library/Core/Src/usbd_ctlreq.o
                0x0000000008006046                USBD_StdEPReq
 *fill*         0x000000000800630a        0x2 
 .text.USBD_GetDescriptor
                0x000000000800630c      0x2d4 Middlewares/ST/STM32_USB_Device_Library/Core/Src/usbd_ctlreq.o
 .text.USBD_SetAddress
                0x00000000080065e0       0x88 Middlewares/ST/STM32_USB_Device_Library/Core/Src/usbd_ctlreq.o
 .text.USBD_SetConfig
                0x0000000008006668      0x14c Middlewares/ST/STM32_USB_Device_Library/Core/Src/usbd_ctlreq.o
 .text.USBD_GetConfig
                0x00000000080067b4       0x6c Middlewares/ST/STM32_USB_Device_Library/Core/Src/usbd_ctlreq.o
 .text.USBD_GetStatus
                0x0000000008006820       0x68 Middlewares/ST/STM32_USB_Device_Library/Core/Src/usbd_ctlreq.o
 .text.USBD_SetFeature
                0x0000000008006888       0x28 Middlewares/ST/STM32_USB_Device_Library/Core/Src/usbd_ctlreq.o
 .text.USBD_ClrFeature
                0x00000000080068b0       0x44 Middlewares/ST/STM32_USB_Device_Library/Core/Src/usbd_ctlreq.o
 .text.USBD_ParseSetupRequest
                0x00000000080068f4       0x74 Middlewares/ST/STM32_USB_Device_Library/Core/Src/usbd_ctlreq.o
                0x00000000080068f4                USBD_ParseSetupRequest
 .text.USBD_CtlError
                0x0000000008006968       0x22 Middlewares/ST/STM32_USB_Device_Library/Core/Src/usbd_ctlreq.o
                0x0000000008006968                USBD_CtlError
 .text.USBD_GetString
                0x000000000800698a       0x8c Middlewares/ST/STM32_USB_Device_Library/Core/Src/usbd_ctlreq.o
                0x000000000800698a                USBD_GetString
 .text.USBD_GetLen
                0x0000000008006a16       0x34 Middlewares/ST/STM32_USB_Device_Library/Core/Src/usbd_ctlreq.o
 .text.USBD_CtlSendData
                0x0000000008006a4a       0x36 Middlewares/ST/STM32_USB_Device_Library/Core/Src/usbd_ioreq.o
                0x0000000008006a4a                USBD_CtlSendData
 .text.USBD_CtlContinueSendData
                0x0000000008006a80       0x22 Middlewares/ST/STM32_USB_Device_Library/Core/Src/usbd_ioreq.o
                0x0000000008006a80                USBD_CtlContinueSendData
 .text.USBD_CtlPrepareRx
                0x0000000008006aa2       0x3a Middlewares/ST/STM32_USB_Device_Library/Core/Src/usbd_ioreq.o
                0x0000000008006aa2                USBD_CtlPrepareRx
 .text.USBD_CtlContinueRx
                0x0000000008006adc       0x22 Middlewares/ST/STM32_USB_Device_Library/Core/Src/usbd_ioreq.o
                0x0000000008006adc                USBD_CtlContinueRx
 .text.USBD_CtlSendStatus
                0x0000000008006afe       0x26 Middlewares/ST/STM32_USB_Device_Library/Core/Src/usbd_ioreq.o
                0x0000000008006afe                USBD_CtlSendStatus
 .text.USBD_CtlReceiveStatus
                0x0000000008006b24       0x26 Middlewares/ST/STM32_USB_Device_Library/Core/Src/usbd_ioreq.o
                0x0000000008006b24                USBD_CtlReceiveStatus
 *fill*         0x0000000008006b4a        0x2 
 .text.MX_USB_DEVICE_Init
                0x0000000008006b4c       0x60 USB_DEVICE/App/usb_device.o
                0x0000000008006b4c                MX_USB_DEVICE_Init
 .text.CDC_Init_FS
                0x0000000008006bac       0x28 USB_DEVICE/App/usbd_cdc_if.o
 .text.CDC_DeInit_FS
                0x0000000008006bd4       0x10 USB_DEVICE/App/usbd_cdc_if.o
 .text.CDC_Control_FS
                0x0000000008006be4       0xbc USB_DEVICE/App/usbd_cdc_if.o
 .text.CDC_Receive_FS
                0x0000000008006ca0       0x28 USB_DEVICE/App/usbd_cdc_if.o
 .text.CDC_Transmit_FS
                0x0000000008006cc8       0x4c USB_DEVICE/App/usbd_cdc_if.o
                0x0000000008006cc8                CDC_Transmit_FS
 .text.CDC_TransmitCplt_FS
                0x0000000008006d14       0x22 USB_DEVICE/App/usbd_cdc_if.o
 *fill*         0x0000000008006d36        0x2 
 .text.USBD_FS_DeviceDescriptor
                0x0000000008006d38       0x24 USB_DEVICE/App/usbd_desc.o
                0x0000000008006d38                USBD_FS_DeviceDescriptor
 .text.USBD_FS_LangIDStrDescriptor
                0x0000000008006d5c       0x24 USB_DEVICE/App/usbd_desc.o
                0x0000000008006d5c                USBD_FS_LangIDStrDescriptor
 .text.USBD_FS_ProductStrDescriptor
                0x0000000008006d80       0x3c USB_DEVICE/App/usbd_desc.o
                0x0000000008006d80                USBD_FS_ProductStrDescriptor
 .text.USBD_FS_ManufacturerStrDescriptor
                0x0000000008006dbc       0x28 USB_DEVICE/App/usbd_desc.o
                0x0000000008006dbc                USBD_FS_ManufacturerStrDescriptor
 .text.USBD_FS_SerialStrDescriptor
                0x0000000008006de4       0x24 USB_DEVICE/App/usbd_desc.o
                0x0000000008006de4                USBD_FS_SerialStrDescriptor
 .text.USBD_FS_ConfigStrDescriptor
                0x0000000008006e08       0x3c USB_DEVICE/App/usbd_desc.o
                0x0000000008006e08                USBD_FS_ConfigStrDescriptor
 .text.USBD_FS_InterfaceStrDescriptor
                0x0000000008006e44       0x3c USB_DEVICE/App/usbd_desc.o
                0x0000000008006e44                USBD_FS_InterfaceStrDescriptor
 .text.Get_SerialNum
                0x0000000008006e80       0x58 USB_DEVICE/App/usbd_desc.o
 .text.IntToUnicode
                0x0000000008006ed8       0x7e USB_DEVICE/App/usbd_desc.o
 *fill*         0x0000000008006f56        0x2 
 .text.HAL_PCD_MspInit
                0x0000000008006f58       0xa8 USB_DEVICE/Target/usbd_conf.o
                0x0000000008006f58                HAL_PCD_MspInit
 .text.HAL_PCD_SetupStageCallback
                0x0000000008007000       0x24 USB_DEVICE/Target/usbd_conf.o
                0x0000000008007000                HAL_PCD_SetupStageCallback
 .text.HAL_PCD_DataOutStageCallback
                0x0000000008007024       0x36 USB_DEVICE/Target/usbd_conf.o
                0x0000000008007024                HAL_PCD_DataOutStageCallback
 .text.HAL_PCD_DataInStageCallback
                0x000000000800705a       0x34 USB_DEVICE/Target/usbd_conf.o
                0x000000000800705a                HAL_PCD_DataInStageCallback
 .text.HAL_PCD_SOFCallback
                0x000000000800708e       0x1c USB_DEVICE/Target/usbd_conf.o
                0x000000000800708e                HAL_PCD_SOFCallback
 .text.HAL_PCD_ResetCallback
                0x00000000080070aa       0x50 USB_DEVICE/Target/usbd_conf.o
                0x00000000080070aa                HAL_PCD_ResetCallback
 *fill*         0x00000000080070fa        0x2 
 .text.HAL_PCD_SuspendCallback
                0x00000000080070fc       0x4c USB_DEVICE/Target/usbd_conf.o
                0x00000000080070fc                HAL_PCD_SuspendCallback
 .text.HAL_PCD_ResumeCallback
                0x0000000008007148       0x1c USB_DEVICE/Target/usbd_conf.o
                0x0000000008007148                HAL_PCD_ResumeCallback
 .text.HAL_PCD_ISOOUTIncompleteCallback
                0x0000000008007164       0x24 USB_DEVICE/Target/usbd_conf.o
                0x0000000008007164                HAL_PCD_ISOOUTIncompleteCallback
 .text.HAL_PCD_ISOINIncompleteCallback
                0x0000000008007188       0x24 USB_DEVICE/Target/usbd_conf.o
                0x0000000008007188                HAL_PCD_ISOINIncompleteCallback
 .text.HAL_PCD_ConnectCallback
                0x00000000080071ac       0x1c USB_DEVICE/Target/usbd_conf.o
                0x00000000080071ac                HAL_PCD_ConnectCallback
 .text.HAL_PCD_DisconnectCallback
                0x00000000080071c8       0x1c USB_DEVICE/Target/usbd_conf.o
                0x00000000080071c8                HAL_PCD_DisconnectCallback
 .text.USBD_LL_Init
                0x00000000080071e4       0x98 USB_DEVICE/Target/usbd_conf.o
                0x00000000080071e4                USBD_LL_Init
 .text.USBD_LL_Start
                0x000000000800727c       0x36 USB_DEVICE/Target/usbd_conf.o
                0x000000000800727c                USBD_LL_Start
 .text.USBD_LL_OpenEP
                0x00000000080072b2       0x4c USB_DEVICE/Target/usbd_conf.o
                0x00000000080072b2                USBD_LL_OpenEP
 .text.USBD_LL_CloseEP
                0x00000000080072fe       0x3e USB_DEVICE/Target/usbd_conf.o
                0x00000000080072fe                USBD_LL_CloseEP
 .text.USBD_LL_StallEP
                0x000000000800733c       0x3e USB_DEVICE/Target/usbd_conf.o
                0x000000000800733c                USBD_LL_StallEP
 .text.USBD_LL_ClearStallEP
                0x000000000800737a       0x3e USB_DEVICE/Target/usbd_conf.o
                0x000000000800737a                USBD_LL_ClearStallEP
 .text.USBD_LL_IsStallEP
                0x00000000080073b8       0x58 USB_DEVICE/Target/usbd_conf.o
                0x00000000080073b8                USBD_LL_IsStallEP
 .text.USBD_LL_SetUSBAddress
                0x0000000008007410       0x3e USB_DEVICE/Target/usbd_conf.o
                0x0000000008007410                USBD_LL_SetUSBAddress
 .text.USBD_LL_Transmit
                0x000000000800744e       0x42 USB_DEVICE/Target/usbd_conf.o
                0x000000000800744e                USBD_LL_Transmit
 .text.USBD_LL_PrepareReceive
                0x0000000008007490       0x42 USB_DEVICE/Target/usbd_conf.o
                0x0000000008007490                USBD_LL_PrepareReceive
 .text.USBD_LL_GetRxDataSize
                0x00000000080074d2       0x26 USB_DEVICE/Target/usbd_conf.o
                0x00000000080074d2                USBD_LL_GetRxDataSize
 .text.USBD_static_malloc
                0x00000000080074f8       0x1c USB_DEVICE/Target/usbd_conf.o
                0x00000000080074f8                USBD_static_malloc
 .text.USBD_static_free
                0x0000000008007514       0x14 USB_DEVICE/Target/usbd_conf.o
                0x0000000008007514                USBD_static_free
 .text.USBD_Get_USB_Status
                0x0000000008007528       0x58 USB_DEVICE/Target/usbd_conf.o
                0x0000000008007528                USBD_Get_USB_Status
 .text.__errno  0x0000000008007580        0xc c:/st/stm32cubeide_1.5.0/stm32cubeide/plugins/com.st.stm32cube.ide.mcu.externaltools.gnu-tools-for-stm32.9-2020-q2-update.win32_1.5.0.202011040924/tools/bin/../lib/gcc/arm-none-eabi/9.3.1/../../../../arm-none-eabi/lib/thumb/v7e-m+fp/hard\libc_nano.a(lib_a-errno.o)
                0x0000000008007580                __errno
 .text.__libc_init_array
                0x000000000800758c       0x48 c:/st/stm32cubeide_1.5.0/stm32cubeide/plugins/com.st.stm32cube.ide.mcu.externaltools.gnu-tools-for-stm32.9-2020-q2-update.win32_1.5.0.202011040924/tools/bin/../lib/gcc/arm-none-eabi/9.3.1/../../../../arm-none-eabi/lib/thumb/v7e-m+fp/hard\libc_nano.a(lib_a-init.o)
                0x000000000800758c                __libc_init_array
 .text.memset   0x00000000080075d4       0x10 c:/st/stm32cubeide_1.5.0/stm32cubeide/plugins/com.st.stm32cube.ide.mcu.externaltools.gnu-tools-for-stm32.9-2020-q2-update.win32_1.5.0.202011040924/tools/bin/../lib/gcc/arm-none-eabi/9.3.1/../../../../arm-none-eabi/lib/thumb/v7e-m+fp/hard\libc_nano.a(lib_a-memset.o)
                0x00000000080075d4                memset
 .text.sprintf  0x00000000080075e4       0x40 c:/st/stm32cubeide_1.5.0/stm32cubeide/plugins/com.st.stm32cube.ide.mcu.externaltools.gnu-tools-for-stm32.9-2020-q2-update.win32_1.5.0.202011040924/tools/bin/../lib/gcc/arm-none-eabi/9.3.1/../../../../arm-none-eabi/lib/thumb/v7e-m+fp/hard\libc_nano.a(lib_a-sprintf.o)
                0x00000000080075e4                siprintf
                0x00000000080075e4                sprintf
 .text.__ssputs_r
                0x0000000008007624       0xb6 c:/st/stm32cubeide_1.5.0/stm32cubeide/plugins/com.st.stm32cube.ide.mcu.externaltools.gnu-tools-for-stm32.9-2020-q2-update.win32_1.5.0.202011040924/tools/bin/../lib/gcc/arm-none-eabi/9.3.1/../../../../arm-none-eabi/lib/thumb/v7e-m+fp/hard\libc_nano.a(lib_a-nano-svfprintf.o)
                0x0000000008007624                __ssputs_r
 *fill*         0x00000000080076da        0x2 
 .text._svfprintf_r
                0x00000000080076dc      0x200 c:/st/stm32cubeide_1.5.0/stm32cubeide/plugins/com.st.stm32cube.ide.mcu.externaltools.gnu-tools-for-stm32.9-2020-q2-update.win32_1.5.0.202011040924/tools/bin/../lib/gcc/arm-none-eabi/9.3.1/../../../../arm-none-eabi/lib/thumb/v7e-m+fp/hard\libc_nano.a(lib_a-nano-svfprintf.o)
                0x00000000080076dc                _svfiprintf_r
                0x00000000080076dc                _svfprintf_r
 .text._printf_common
                0x00000000080078dc       0xda c:/st/stm32cubeide_1.5.0/stm32cubeide/plugins/com.st.stm32cube.ide.mcu.externaltools.gnu-tools-for-stm32.9-2020-q2-update.win32_1.5.0.202011040924/tools/bin/../lib/gcc/arm-none-eabi/9.3.1/../../../../arm-none-eabi/lib/thumb/v7e-m+fp/hard\libc_nano.a(lib_a-nano-vfprintf_i.o)
                0x00000000080078dc                _printf_common
 *fill*         0x00000000080079b6        0x2 
 .text._printf_i
                0x00000000080079b8      0x24c c:/st/stm32cubeide_1.5.0/stm32cubeide/plugins/com.st.stm32cube.ide.mcu.externaltools.gnu-tools-for-stm32.9-2020-q2-update.win32_1.5.0.202011040924/tools/bin/../lib/gcc/arm-none-eabi/9.3.1/../../../../arm-none-eabi/lib/thumb/v7e-m+fp/hard\libc_nano.a(lib_a-nano-vfprintf_i.o)
                0x00000000080079b8                _printf_i
 .text.memcpy   0x0000000008007c04       0x1c c:/st/stm32cubeide_1.5.0/stm32cubeide/plugins/com.st.stm32cube.ide.mcu.externaltools.gnu-tools-for-stm32.9-2020-q2-update.win32_1.5.0.202011040924/tools/bin/../lib/gcc/arm-none-eabi/9.3.1/../../../../arm-none-eabi/lib/thumb/v7e-m+fp/hard\libc_nano.a(lib_a-memcpy-stub.o)
                0x0000000008007c04                memcpy
 .text.memmove  0x0000000008007c20       0x34 c:/st/stm32cubeide_1.5.0/stm32cubeide/plugins/com.st.stm32cube.ide.mcu.externaltools.gnu-tools-for-stm32.9-2020-q2-update.win32_1.5.0.202011040924/tools/bin/../lib/gcc/arm-none-eabi/9.3.1/../../../../arm-none-eabi/lib/thumb/v7e-m+fp/hard\libc_nano.a(lib_a-memmove.o)
                0x0000000008007c20                memmove
 .text._free_r  0x0000000008007c54       0xa0 c:/st/stm32cubeide_1.5.0/stm32cubeide/plugins/com.st.stm32cube.ide.mcu.externaltools.gnu-tools-for-stm32.9-2020-q2-update.win32_1.5.0.202011040924/tools/bin/../lib/gcc/arm-none-eabi/9.3.1/../../../../arm-none-eabi/lib/thumb/v7e-m+fp/hard\libc_nano.a(lib_a-nano-freer.o)
                0x0000000008007c54                _free_r
 .text._malloc_r
                0x0000000008007cf4       0xb4 c:/st/stm32cubeide_1.5.0/stm32cubeide/plugins/com.st.stm32cube.ide.mcu.externaltools.gnu-tools-for-stm32.9-2020-q2-update.win32_1.5.0.202011040924/tools/bin/../lib/gcc/arm-none-eabi/9.3.1/../../../../arm-none-eabi/lib/thumb/v7e-m+fp/hard\libc_nano.a(lib_a-nano-mallocr.o)
                0x0000000008007cf4                _malloc_r
 .text._realloc_r
                0x0000000008007da8       0x4c c:/st/stm32cubeide_1.5.0/stm32cubeide/plugins/com.st.stm32cube.ide.mcu.externaltools.gnu-tools-for-stm32.9-2020-q2-update.win32_1.5.0.202011040924/tools/bin/../lib/gcc/arm-none-eabi/9.3.1/../../../../arm-none-eabi/lib/thumb/v7e-m+fp/hard\libc_nano.a(lib_a-nano-reallocr.o)
                0x0000000008007da8                _realloc_r
 .text._sbrk_r  0x0000000008007df4       0x20 c:/st/stm32cubeide_1.5.0/stm32cubeide/plugins/com.st.stm32cube.ide.mcu.externaltools.gnu-tools-for-stm32.9-2020-q2-update.win32_1.5.0.202011040924/tools/bin/../lib/gcc/arm-none-eabi/9.3.1/../../../../arm-none-eabi/lib/thumb/v7e-m+fp/hard\libc_nano.a(lib_a-sbrkr.o)
                0x0000000008007df4                _sbrk_r
 .text.__malloc_lock
                0x0000000008007e14        0xc c:/st/stm32cubeide_1.5.0/stm32cubeide/plugins/com.st.stm32cube.ide.mcu.externaltools.gnu-tools-for-stm32.9-2020-q2-update.win32_1.5.0.202011040924/tools/bin/../lib/gcc/arm-none-eabi/9.3.1/../../../../arm-none-eabi/lib/thumb/v7e-m+fp/hard\libc_nano.a(lib_a-mlock.o)
                0x0000000008007e14                __malloc_lock
 .text.__malloc_unlock
                0x0000000008007e20        0xc c:/st/stm32cubeide_1.5.0/stm32cubeide/plugins/com.st.stm32cube.ide.mcu.externaltools.gnu-tools-for-stm32.9-2020-q2-update.win32_1.5.0.202011040924/tools/bin/../lib/gcc/arm-none-eabi/9.3.1/../../../../arm-none-eabi/lib/thumb/v7e-m+fp/hard\libc_nano.a(lib_a-mlock.o)
                0x0000000008007e20                __malloc_unlock
 .text._malloc_usable_size_r
                0x0000000008007e2c       0x10 c:/st/stm32cubeide_1.5.0/stm32cubeide/plugins/com.st.stm32cube.ide.mcu.externaltools.gnu-tools-for-stm32.9-2020-q2-update.win32_1.5.0.202011040924/tools/bin/../lib/gcc/arm-none-eabi/9.3.1/../../../../arm-none-eabi/lib/thumb/v7e-m+fp/hard\libc_nano.a(lib_a-nano-msizer.o)
                0x0000000008007e2c                _malloc_usable_size_r
 .text.__retarget_lock_acquire_recursive
                0x0000000008007e3c        0x2 c:/st/stm32cubeide_1.5.0/stm32cubeide/plugins/com.st.stm32cube.ide.mcu.externaltools.gnu-tools-for-stm32.9-2020-q2-update.win32_1.5.0.202011040924/tools/bin/../lib/gcc/arm-none-eabi/9.3.1/../../../../arm-none-eabi/lib/thumb/v7e-m+fp/hard\libc_nano.a(lib_a-lock.o)
                0x0000000008007e3c                __retarget_lock_acquire_recursive
 .text.__retarget_lock_release_recursive
                0x0000000008007e3e        0x2 c:/st/stm32cubeide_1.5.0/stm32cubeide/plugins/com.st.stm32cube.ide.mcu.externaltools.gnu-tools-for-stm32.9-2020-q2-update.win32_1.5.0.202011040924/tools/bin/../lib/gcc/arm-none-eabi/9.3.1/../../../../arm-none-eabi/lib/thumb/v7e-m+fp/hard\libc_nano.a(lib_a-lock.o)
                0x0000000008007e3e                __retarget_lock_release_recursive
 *(.glue_7)
 .glue_7        0x0000000008007e40        0x0 linker stubs
 *(.glue_7t)
 .glue_7t       0x0000000008007e40        0x0 linker stubs
 *(.eh_frame)
 .eh_frame      0x0000000008007e40        0x0 c:/st/stm32cubeide_1.5.0/stm32cubeide/plugins/com.st.stm32cube.ide.mcu.externaltools.gnu-tools-for-stm32.9-2020-q2-update.win32_1.5.0.202011040924/tools/bin/../lib/gcc/arm-none-eabi/9.3.1/thumb/v7e-m+fp/hard/crtbegin.o
 *(.init)
 .init          0x0000000008007e40        0x4 c:/st/stm32cubeide_1.5.0/stm32cubeide/plugins/com.st.stm32cube.ide.mcu.externaltools.gnu-tools-for-stm32.9-2020-q2-update.win32_1.5.0.202011040924/tools/bin/../lib/gcc/arm-none-eabi/9.3.1/thumb/v7e-m+fp/hard/crti.o
                0x0000000008007e40                _init
 .init          0x0000000008007e44        0x8 c:/st/stm32cubeide_1.5.0/stm32cubeide/plugins/com.st.stm32cube.ide.mcu.externaltools.gnu-tools-for-stm32.9-2020-q2-update.win32_1.5.0.202011040924/tools/bin/../lib/gcc/arm-none-eabi/9.3.1/thumb/v7e-m+fp/hard/crtn.o
 *(.fini)
 .fini          0x0000000008007e4c        0x4 c:/st/stm32cubeide_1.5.0/stm32cubeide/plugins/com.st.stm32cube.ide.mcu.externaltools.gnu-tools-for-stm32.9-2020-q2-update.win32_1.5.0.202011040924/tools/bin/../lib/gcc/arm-none-eabi/9.3.1/thumb/v7e-m+fp/hard/crti.o
                0x0000000008007e4c                _fini
 .fini          0x0000000008007e50        0x8 c:/st/stm32cubeide_1.5.0/stm32cubeide/plugins/com.st.stm32cube.ide.mcu.externaltools.gnu-tools-for-stm32.9-2020-q2-update.win32_1.5.0.202011040924/tools/bin/../lib/gcc/arm-none-eabi/9.3.1/thumb/v7e-m+fp/hard/crtn.o
                0x0000000008007e58                . = ALIGN (0x4)
                0x0000000008007e58                _etext = .

.vfp11_veneer   0x0000000008007e58        0x0
 .vfp11_veneer  0x0000000008007e58        0x0 linker stubs

.v4_bx          0x0000000008007e58        0x0
 .v4_bx         0x0000000008007e58        0x0 linker stubs

.iplt           0x0000000008007e58        0x0
 .iplt          0x0000000008007e58        0x0 c:/st/stm32cubeide_1.5.0/stm32cubeide/plugins/com.st.stm32cube.ide.mcu.externaltools.gnu-tools-for-stm32.9-2020-q2-update.win32_1.5.0.202011040924/tools/bin/../lib/gcc/arm-none-eabi/9.3.1/thumb/v7e-m+fp/hard/crtbegin.o

.rodata         0x0000000008007e58       0x9c
                0x0000000008007e58                . = ALIGN (0x4)
 *(.rodata)
 .rodata        0x0000000008007e58        0x6 Core/Src/main.o
 *fill*         0x0000000008007e5e        0x2 
 .rodata        0x0000000008007e60       0x46 USB_DEVICE/App/usbd_desc.o
 *(.rodata*)
 *fill*         0x0000000008007ea6        0x2 
 .rodata.AHBPrescTable
                0x0000000008007ea8       0x10 Core/Src/system_stm32f4xx.o
                0x0000000008007ea8                AHBPrescTable
 .rodata.flagBitshiftOffset.8493
                0x0000000008007eb8        0x8 Drivers/STM32F4xx_HAL_Driver/Src/stm32f4xx_hal_dma.o
 .rodata._svfprintf_r.str1.1
                0x0000000008007ec0       0x11 c:/st/stm32cubeide_1.5.0/stm32cubeide/plugins/com.st.stm32cube.ide.mcu.externaltools.gnu-tools-for-stm32.9-2020-q2-update.win32_1.5.0.202011040924/tools/bin/../lib/gcc/arm-none-eabi/9.3.1/../../../../arm-none-eabi/lib/thumb/v7e-m+fp/hard\libc_nano.a(lib_a-nano-svfprintf.o)
 .rodata._printf_i.str1.1
                0x0000000008007ed1       0x22 c:/st/stm32cubeide_1.5.0/stm32cubeide/plugins/com.st.stm32cube.ide.mcu.externaltools.gnu-tools-for-stm32.9-2020-q2-update.win32_1.5.0.202011040924/tools/bin/../lib/gcc/arm-none-eabi/9.3.1/../../../../arm-none-eabi/lib/thumb/v7e-m+fp/hard\libc_nano.a(lib_a-nano-vfprintf_i.o)
                0x0000000008007ef4                . = ALIGN (0x4)
 *fill*         0x0000000008007ef3        0x1 

.ARM.extab      0x0000000008007ef4        0x0
                0x0000000008007ef4                . = ALIGN (0x4)
 *(.ARM.extab* .gnu.linkonce.armextab.*)
                0x0000000008007ef4                . = ALIGN (0x4)

.ARM            0x0000000008007ef4        0x8
                0x0000000008007ef4                . = ALIGN (0x4)
                0x0000000008007ef4                __exidx_start = .
 *(.ARM.exidx*)
 .ARM.exidx     0x0000000008007ef4        0x8 c:/st/stm32cubeide_1.5.0/stm32cubeide/plugins/com.st.stm32cube.ide.mcu.externaltools.gnu-tools-for-stm32.9-2020-q2-update.win32_1.5.0.202011040924/tools/bin/../lib/gcc/arm-none-eabi/9.3.1/thumb/v7e-m+fp/hard\libgcc.a(_udivmoddi4.o)
                0x0000000008007efc                __exidx_end = .
                0x0000000008007efc                . = ALIGN (0x4)

.rel.dyn        0x0000000008007efc        0x0
 .rel.iplt      0x0000000008007efc        0x0 c:/st/stm32cubeide_1.5.0/stm32cubeide/plugins/com.st.stm32cube.ide.mcu.externaltools.gnu-tools-for-stm32.9-2020-q2-update.win32_1.5.0.202011040924/tools/bin/../lib/gcc/arm-none-eabi/9.3.1/thumb/v7e-m+fp/hard/crtbegin.o

.preinit_array  0x0000000008007efc        0x0
                0x0000000008007efc                . = ALIGN (0x4)
                0x0000000008007efc                PROVIDE (__preinit_array_start = .)
 *(.preinit_array*)
                0x0000000008007efc                PROVIDE (__preinit_array_end = .)
                0x0000000008007efc                . = ALIGN (0x4)

.init_array     0x0000000008007efc        0x4
                0x0000000008007efc                . = ALIGN (0x4)
                0x0000000008007efc                PROVIDE (__init_array_start = .)
 *(SORT_BY_NAME(.init_array.*))
 *(.init_array*)
 .init_array    0x0000000008007efc        0x4 c:/st/stm32cubeide_1.5.0/stm32cubeide/plugins/com.st.stm32cube.ide.mcu.externaltools.gnu-tools-for-stm32.9-2020-q2-update.win32_1.5.0.202011040924/tools/bin/../lib/gcc/arm-none-eabi/9.3.1/thumb/v7e-m+fp/hard/crtbegin.o
                0x0000000008007f00                PROVIDE (__init_array_end = .)
                0x0000000008007f00                . = ALIGN (0x4)

.fini_array     0x0000000008007f00        0x4
                0x0000000008007f00                . = ALIGN (0x4)
                [!provide]                        PROVIDE (__fini_array_start = .)
 *(SORT_BY_NAME(.fini_array.*))
 *(.fini_array*)
 .fini_array    0x0000000008007f00        0x4 c:/st/stm32cubeide_1.5.0/stm32cubeide/plugins/com.st.stm32cube.ide.mcu.externaltools.gnu-tools-for-stm32.9-2020-q2-update.win32_1.5.0.202011040924/tools/bin/../lib/gcc/arm-none-eabi/9.3.1/thumb/v7e-m+fp/hard/crtbegin.o
                [!provide]                        PROVIDE (__fini_array_end = .)
                0x0000000008007f04                . = ALIGN (0x4)
                0x0000000008007f04                _sidata = LOADADDR (.data)

.data           0x0000000020000000      0x1e4 load address 0x0000000008007f04
                0x0000000020000000                . = ALIGN (0x4)
                0x0000000020000000                _sdata = .
 *(.data)
 *(.data*)
 .data.SystemCoreClock
                0x0000000020000000        0x4 Core/Src/system_stm32f4xx.o
                0x0000000020000000                SystemCoreClock
 .data.uwTickPrio
                0x0000000020000004        0x4 Drivers/STM32F4xx_HAL_Driver/Src/stm32f4xx_hal.o
                0x0000000020000004                uwTickPrio
 .data.uwTickFreq
                0x0000000020000008        0x1 Drivers/STM32F4xx_HAL_Driver/Src/stm32f4xx_hal.o
                0x0000000020000008                uwTickFreq
 *fill*         0x0000000020000009        0x3 
 .data.USBD_CDC_DeviceQualifierDesc
                0x000000002000000c        0xa Middlewares/ST/STM32_USB_Device_Library/Class/CDC/Src/usbd_cdc.o
 *fill*         0x0000000020000016        0x2 
 .data.USBD_CDC
                0x0000000020000018       0x38 Middlewares/ST/STM32_USB_Device_Library/Class/CDC/Src/usbd_cdc.o
                0x0000000020000018                USBD_CDC
 .data.USBD_CDC_CfgHSDesc
                0x0000000020000050       0x43 Middlewares/ST/STM32_USB_Device_Library/Class/CDC/Src/usbd_cdc.o
 *fill*         0x0000000020000093        0x1 
 .data.USBD_CDC_CfgFSDesc
                0x0000000020000094       0x43 Middlewares/ST/STM32_USB_Device_Library/Class/CDC/Src/usbd_cdc.o
 *fill*         0x00000000200000d7        0x1 
 .data.USBD_CDC_OtherSpeedCfgDesc
                0x00000000200000d8       0x43 Middlewares/ST/STM32_USB_Device_Library/Class/CDC/Src/usbd_cdc.o
 *fill*         0x000000002000011b        0x1 
 .data.USBD_Interface_fops_FS
                0x000000002000011c       0x14 USB_DEVICE/App/usbd_cdc_if.o
                0x000000002000011c                USBD_Interface_fops_FS
 .data.FS_Desc  0x0000000020000130       0x1c USB_DEVICE/App/usbd_desc.o
                0x0000000020000130                FS_Desc
 .data.USBD_FS_DeviceDesc
                0x000000002000014c       0x12 USB_DEVICE/App/usbd_desc.o
                0x000000002000014c                USBD_FS_DeviceDesc
 *fill*         0x000000002000015e        0x2 
 .data.USBD_LangIDDesc
                0x0000000020000160        0x4 USB_DEVICE/App/usbd_desc.o
                0x0000000020000160                USBD_LangIDDesc
 .data.USBD_StringSerial
                0x0000000020000164       0x1a USB_DEVICE/App/usbd_desc.o
                0x0000000020000164                USBD_StringSerial
 *fill*         0x000000002000017e        0x2 
 .data._impure_ptr
                0x0000000020000180        0x4 c:/st/stm32cubeide_1.5.0/stm32cubeide/plugins/com.st.stm32cube.ide.mcu.externaltools.gnu-tools-for-stm32.9-2020-q2-update.win32_1.5.0.202011040924/tools/bin/../lib/gcc/arm-none-eabi/9.3.1/../../../../arm-none-eabi/lib/thumb/v7e-m+fp/hard\libc_nano.a(lib_a-impure.o)
                0x0000000020000180                _impure_ptr
 .data.impure_data
                0x0000000020000184       0x60 c:/st/stm32cubeide_1.5.0/stm32cubeide/plugins/com.st.stm32cube.ide.mcu.externaltools.gnu-tools-for-stm32.9-2020-q2-update.win32_1.5.0.202011040924/tools/bin/../lib/gcc/arm-none-eabi/9.3.1/../../../../arm-none-eabi/lib/thumb/v7e-m+fp/hard\libc_nano.a(lib_a-impure.o)
 *(.RamFunc)
 *(.RamFunc*)
                0x00000000200001e4                . = ALIGN (0x4)
                0x00000000200001e4                _edata = .

.igot.plt       0x00000000200001e4        0x0 load address 0x00000000080080e8
 .igot.plt      0x00000000200001e4        0x0 c:/st/stm32cubeide_1.5.0/stm32cubeide/plugins/com.st.stm32cube.ide.mcu.externaltools.gnu-tools-for-stm32.9-2020-q2-update.win32_1.5.0.202011040924/tools/bin/../lib/gcc/arm-none-eabi/9.3.1/thumb/v7e-m+fp/hard/crtbegin.o
                0x00000000200001e4                . = ALIGN (0x4)

.bss            0x00000000200001e4     0x3be4 load address 0x00000000080080e8
                0x00000000200001e4                _sbss = .
                0x00000000200001e4                __bss_start__ = _sbss
 *(.bss)
 .bss           0x00000000200001e4       0x1c c:/st/stm32cubeide_1.5.0/stm32cubeide/plugins/com.st.stm32cube.ide.mcu.externaltools.gnu-tools-for-stm32.9-2020-q2-update.win32_1.5.0.202011040924/tools/bin/../lib/gcc/arm-none-eabi/9.3.1/thumb/v7e-m+fp/hard/crtbegin.o
 *(.bss*)
 .bss.adccomplete
                0x0000000020000200        0x1 Core/Src/main.o
                0x0000000020000200                adccomplete
 *fill*         0x0000000020000201        0x3 
 .bss.__sbrk_heap_end
                0x0000000020000204        0x4 Core/Src/sysmem.o
 .bss.cfgidx.10430
                0x0000000020000208        0x1 Middlewares/ST/STM32_USB_Device_Library/Core/Src/usbd_ctlreq.o
 *fill*         0x0000000020000209        0x3 
 .bss.mem.10499
                0x000000002000020c      0x220 USB_DEVICE/Target/usbd_conf.o
 .bss.__malloc_free_list
                0x000000002000042c        0x4 c:/st/stm32cubeide_1.5.0/stm32cubeide/plugins/com.st.stm32cube.ide.mcu.externaltools.gnu-tools-for-stm32.9-2020-q2-update.win32_1.5.0.202011040924/tools/bin/../lib/gcc/arm-none-eabi/9.3.1/../../../../arm-none-eabi/lib/thumb/v7e-m+fp/hard\libc_nano.a(lib_a-nano-mallocr.o)
                0x000000002000042c                __malloc_free_list
 .bss.__malloc_sbrk_start
                0x0000000020000430        0x4 c:/st/stm32cubeide_1.5.0/stm32cubeide/plugins/com.st.stm32cube.ide.mcu.externaltools.gnu-tools-for-stm32.9-2020-q2-update.win32_1.5.0.202011040924/tools/bin/../lib/gcc/arm-none-eabi/9.3.1/../../../../arm-none-eabi/lib/thumb/v7e-m+fp/hard\libc_nano.a(lib_a-nano-mallocr.o)
                0x0000000020000430                __malloc_sbrk_start
 *(COMMON)
 COMMON         0x0000000020000434     0x20a8 Core/Src/main.o
                0x0000000020000434                hadc1
                0x000000002000047c                hdma_adc1
                0x00000000200004dc                adc_buf
 COMMON         0x00000000200024dc        0x4 Drivers/STM32F4xx_HAL_Driver/Src/stm32f4xx_hal.o
                0x00000000200024dc                uwTick
 COMMON         0x00000000200024e0      0x2d0 USB_DEVICE/App/usb_device.o
                0x00000000200024e0                hUsbDeviceFS
 COMMON         0x00000000200027b0     0x1000 USB_DEVICE/App/usbd_cdc_if.o
                0x00000000200027b0                UserRxBufferFS
                0x0000000020002fb0                UserTxBufferFS
 COMMON         0x00000000200037b0      0x200 USB_DEVICE/App/usbd_desc.o
                0x00000000200037b0                USBD_StrDesc
 COMMON         0x00000000200039b0      0x408 USB_DEVICE/Target/usbd_conf.o
                0x00000000200039b0                hpcd_USB_OTG_FS
 COMMON         0x0000000020003db8        0x4 c:/st/stm32cubeide_1.5.0/stm32cubeide/plugins/com.st.stm32cube.ide.mcu.externaltools.gnu-tools-for-stm32.9-2020-q2-update.win32_1.5.0.202011040924/tools/bin/../lib/gcc/arm-none-eabi/9.3.1/../../../../arm-none-eabi/lib/thumb/v7e-m+fp/hard\libc_nano.a(lib_a-reent.o)
                0x0000000020003db8                errno
 COMMON         0x0000000020003dbc        0x9 c:/st/stm32cubeide_1.5.0/stm32cubeide/plugins/com.st.stm32cube.ide.mcu.externaltools.gnu-tools-for-stm32.9-2020-q2-update.win32_1.5.0.202011040924/tools/bin/../lib/gcc/arm-none-eabi/9.3.1/../../../../arm-none-eabi/lib/thumb/v7e-m+fp/hard\libc_nano.a(lib_a-lock.o)
                0x0000000020003dbc                __lock___atexit_recursive_mutex
                0x0000000020003dbd                __lock___arc4random_mutex
                0x0000000020003dbe                __lock___env_recursive_mutex
                0x0000000020003dbf                __lock___sinit_recursive_mutex
                0x0000000020003dc0                __lock___malloc_recursive_mutex
                0x0000000020003dc1                __lock___at_quick_exit_mutex
                0x0000000020003dc2                __lock___dd_hash_mutex
                0x0000000020003dc3                __lock___tz_mutex
                0x0000000020003dc4                __lock___sfp_recursive_mutex
                0x0000000020003dc8                . = ALIGN (0x4)
 *fill*         0x0000000020003dc5        0x3 
                0x0000000020003dc8                _ebss = .
                0x0000000020003dc8                __bss_end__ = _ebss

._user_heap_stack
                0x0000000020003dc8      0x600 load address 0x00000000080080e8
                0x0000000020003dc8                . = ALIGN (0x8)
                [!provide]                        PROVIDE (end = .)
                0x0000000020003dc8                PROVIDE (_end = .)
                0x0000000020003fc8                . = (. + _Min_Heap_Size)
 *fill*         0x0000000020003dc8      0x200 
                0x00000000200043c8                . = (. + _Min_Stack_Size)
 *fill*         0x0000000020003fc8      0x400 
                0x00000000200043c8                . = ALIGN (0x8)

/DISCARD/
 libc.a(*)
 libm.a(*)
 libgcc.a(*)

.ARM.attributes
                0x0000000000000000       0x30
 *(.ARM.attributes)
 .ARM.attributes
                0x0000000000000000       0x1e c:/st/stm32cubeide_1.5.0/stm32cubeide/plugins/com.st.stm32cube.ide.mcu.externaltools.gnu-tools-for-stm32.9-2020-q2-update.win32_1.5.0.202011040924/tools/bin/../lib/gcc/arm-none-eabi/9.3.1/thumb/v7e-m+fp/hard/crti.o
 .ARM.attributes
                0x000000000000001e       0x34 c:/st/stm32cubeide_1.5.0/stm32cubeide/plugins/com.st.stm32cube.ide.mcu.externaltools.gnu-tools-for-stm32.9-2020-q2-update.win32_1.5.0.202011040924/tools/bin/../lib/gcc/arm-none-eabi/9.3.1/thumb/v7e-m+fp/hard/crtbegin.o
 .ARM.attributes
                0x0000000000000052       0x34 Core/Src/main.o
 .ARM.attributes
                0x0000000000000086       0x34 Core/Src/stm32f4xx_hal_msp.o
 .ARM.attributes
                0x00000000000000ba       0x34 Core/Src/stm32f4xx_it.o
 .ARM.attributes
                0x00000000000000ee       0x34 Core/Src/sysmem.o
 .ARM.attributes
                0x0000000000000122       0x34 Core/Src/system_stm32f4xx.o
 .ARM.attributes
                0x0000000000000156       0x21 Core/Startup/startup_stm32f407vgtx.o
 .ARM.attributes
                0x0000000000000177       0x34 Drivers/STM32F4xx_HAL_Driver/Src/stm32f4xx_hal.o
 .ARM.attributes
                0x00000000000001ab       0x34 Drivers/STM32F4xx_HAL_Driver/Src/stm32f4xx_hal_adc.o
 .ARM.attributes
                0x00000000000001df       0x34 Drivers/STM32F4xx_HAL_Driver/Src/stm32f4xx_hal_cortex.o
 .ARM.attributes
                0x0000000000000213       0x34 Drivers/STM32F4xx_HAL_Driver/Src/stm32f4xx_hal_dma.o
 .ARM.attributes
                0x0000000000000247       0x34 Drivers/STM32F4xx_HAL_Driver/Src/stm32f4xx_hal_gpio.o
 .ARM.attributes
                0x000000000000027b       0x34 Drivers/STM32F4xx_HAL_Driver/Src/stm32f4xx_hal_pcd.o
 .ARM.attributes
                0x00000000000002af       0x34 Drivers/STM32F4xx_HAL_Driver/Src/stm32f4xx_hal_pcd_ex.o
 .ARM.attributes
                0x00000000000002e3       0x34 Drivers/STM32F4xx_HAL_Driver/Src/stm32f4xx_hal_rcc.o
 .ARM.attributes
                0x0000000000000317       0x34 Drivers/STM32F4xx_HAL_Driver/Src/stm32f4xx_ll_usb.o
 .ARM.attributes
                0x000000000000034b       0x34 Middlewares/ST/STM32_USB_Device_Library/Class/CDC/Src/usbd_cdc.o
 .ARM.attributes
                0x000000000000037f       0x34 Middlewares/ST/STM32_USB_Device_Library/Core/Src/usbd_core.o
 .ARM.attributes
                0x00000000000003b3       0x34 Middlewares/ST/STM32_USB_Device_Library/Core/Src/usbd_ctlreq.o
 .ARM.attributes
                0x00000000000003e7       0x34 Middlewares/ST/STM32_USB_Device_Library/Core/Src/usbd_ioreq.o
 .ARM.attributes
                0x000000000000041b       0x34 USB_DEVICE/App/usb_device.o
 .ARM.attributes
                0x000000000000044f       0x34 USB_DEVICE/App/usbd_cdc_if.o
 .ARM.attributes
                0x0000000000000483       0x34 USB_DEVICE/App/usbd_desc.o
 .ARM.attributes
                0x00000000000004b7       0x34 USB_DEVICE/Target/usbd_conf.o
 .ARM.attributes
                0x00000000000004eb       0x34 c:/st/stm32cubeide_1.5.0/stm32cubeide/plugins/com.st.stm32cube.ide.mcu.externaltools.gnu-tools-for-stm32.9-2020-q2-update.win32_1.5.0.202011040924/tools/bin/../lib/gcc/arm-none-eabi/9.3.1/../../../../arm-none-eabi/lib/thumb/v7e-m+fp/hard\libc_nano.a(lib_a-errno.o)
 .ARM.attributes
                0x000000000000051f       0x32 c:/st/stm32cubeide_1.5.0/stm32cubeide/plugins/com.st.stm32cube.ide.mcu.externaltools.gnu-tools-for-stm32.9-2020-q2-update.win32_1.5.0.202011040924/tools/bin/../lib/gcc/arm-none-eabi/9.3.1/../../../../arm-none-eabi/lib/thumb/v7e-m+fp/hard\libc_nano.a(lib_a-impure.o)
 .ARM.attributes
                0x0000000000000551       0x34 c:/st/stm32cubeide_1.5.0/stm32cubeide/plugins/com.st.stm32cube.ide.mcu.externaltools.gnu-tools-for-stm32.9-2020-q2-update.win32_1.5.0.202011040924/tools/bin/../lib/gcc/arm-none-eabi/9.3.1/../../../../arm-none-eabi/lib/thumb/v7e-m+fp/hard\libc_nano.a(lib_a-init.o)
 .ARM.attributes
                0x0000000000000585       0x34 c:/st/stm32cubeide_1.5.0/stm32cubeide/plugins/com.st.stm32cube.ide.mcu.externaltools.gnu-tools-for-stm32.9-2020-q2-update.win32_1.5.0.202011040924/tools/bin/../lib/gcc/arm-none-eabi/9.3.1/../../../../arm-none-eabi/lib/thumb/v7e-m+fp/hard\libc_nano.a(lib_a-memset.o)
 .ARM.attributes
                0x00000000000005b9       0x34 c:/st/stm32cubeide_1.5.0/stm32cubeide/plugins/com.st.stm32cube.ide.mcu.externaltools.gnu-tools-for-stm32.9-2020-q2-update.win32_1.5.0.202011040924/tools/bin/../lib/gcc/arm-none-eabi/9.3.1/../../../../arm-none-eabi/lib/thumb/v7e-m+fp/hard\libc_nano.a(lib_a-sprintf.o)
 .ARM.attributes
                0x00000000000005ed       0x17 c:/st/stm32cubeide_1.5.0/stm32cubeide/plugins/com.st.stm32cube.ide.mcu.externaltools.gnu-tools-for-stm32.9-2020-q2-update.win32_1.5.0.202011040924/tools/bin/../lib/gcc/arm-none-eabi/9.3.1/../../../../arm-none-eabi/lib/thumb/v7e-m+fp/hard\libc_nano.a(lib_a-strlen.o)
 .ARM.attributes
                0x0000000000000604       0x34 c:/st/stm32cubeide_1.5.0/stm32cubeide/plugins/com.st.stm32cube.ide.mcu.externaltools.gnu-tools-for-stm32.9-2020-q2-update.win32_1.5.0.202011040924/tools/bin/../lib/gcc/arm-none-eabi/9.3.1/../../../../arm-none-eabi/lib/thumb/v7e-m+fp/hard\libc_nano.a(lib_a-nano-svfprintf.o)
 .ARM.attributes
                0x0000000000000638       0x34 c:/st/stm32cubeide_1.5.0/stm32cubeide/plugins/com.st.stm32cube.ide.mcu.externaltools.gnu-tools-for-stm32.9-2020-q2-update.win32_1.5.0.202011040924/tools/bin/../lib/gcc/arm-none-eabi/9.3.1/../../../../arm-none-eabi/lib/thumb/v7e-m+fp/hard\libc_nano.a(lib_a-nano-vfprintf_i.o)
 .ARM.attributes
                0x000000000000066c       0x1c c:/st/stm32cubeide_1.5.0/stm32cubeide/plugins/com.st.stm32cube.ide.mcu.externaltools.gnu-tools-for-stm32.9-2020-q2-update.win32_1.5.0.202011040924/tools/bin/../lib/gcc/arm-none-eabi/9.3.1/../../../../arm-none-eabi/lib/thumb/v7e-m+fp/hard\libc_nano.a(lib_a-memchr.o)
 .ARM.attributes
                0x0000000000000688       0x34 c:/st/stm32cubeide_1.5.0/stm32cubeide/plugins/com.st.stm32cube.ide.mcu.externaltools.gnu-tools-for-stm32.9-2020-q2-update.win32_1.5.0.202011040924/tools/bin/../lib/gcc/arm-none-eabi/9.3.1/../../../../arm-none-eabi/lib/thumb/v7e-m+fp/hard\libc_nano.a(lib_a-memcpy-stub.o)
 .ARM.attributes
                0x00000000000006bc       0x34 c:/st/stm32cubeide_1.5.0/stm32cubeide/plugins/com.st.stm32cube.ide.mcu.externaltools.gnu-tools-for-stm32.9-2020-q2-update.win32_1.5.0.202011040924/tools/bin/../lib/gcc/arm-none-eabi/9.3.1/../../../../arm-none-eabi/lib/thumb/v7e-m+fp/hard\libc_nano.a(lib_a-memmove.o)
 .ARM.attributes
                0x00000000000006f0       0x34 c:/st/stm32cubeide_1.5.0/stm32cubeide/plugins/com.st.stm32cube.ide.mcu.externaltools.gnu-tools-for-stm32.9-2020-q2-update.win32_1.5.0.202011040924/tools/bin/../lib/gcc/arm-none-eabi/9.3.1/../../../../arm-none-eabi/lib/thumb/v7e-m+fp/hard\libc_nano.a(lib_a-nano-freer.o)
 .ARM.attributes
                0x0000000000000724       0x34 c:/st/stm32cubeide_1.5.0/stm32cubeide/plugins/com.st.stm32cube.ide.mcu.externaltools.gnu-tools-for-stm32.9-2020-q2-update.win32_1.5.0.202011040924/tools/bin/../lib/gcc/arm-none-eabi/9.3.1/../../../../arm-none-eabi/lib/thumb/v7e-m+fp/hard\libc_nano.a(lib_a-nano-mallocr.o)
 .ARM.attributes
                0x0000000000000758       0x34 c:/st/stm32cubeide_1.5.0/stm32cubeide/plugins/com.st.stm32cube.ide.mcu.externaltools.gnu-tools-for-stm32.9-2020-q2-update.win32_1.5.0.202011040924/tools/bin/../lib/gcc/arm-none-eabi/9.3.1/../../../../arm-none-eabi/lib/thumb/v7e-m+fp/hard\libc_nano.a(lib_a-nano-reallocr.o)
 .ARM.attributes
                0x000000000000078c       0x34 c:/st/stm32cubeide_1.5.0/stm32cubeide/plugins/com.st.stm32cube.ide.mcu.externaltools.gnu-tools-for-stm32.9-2020-q2-update.win32_1.5.0.202011040924/tools/bin/../lib/gcc/arm-none-eabi/9.3.1/../../../../arm-none-eabi/lib/thumb/v7e-m+fp/hard\libc_nano.a(lib_a-sbrkr.o)
 .ARM.attributes
                0x00000000000007c0       0x34 c:/st/stm32cubeide_1.5.0/stm32cubeide/plugins/com.st.stm32cube.ide.mcu.externaltools.gnu-tools-for-stm32.9-2020-q2-update.win32_1.5.0.202011040924/tools/bin/../lib/gcc/arm-none-eabi/9.3.1/../../../../arm-none-eabi/lib/thumb/v7e-m+fp/hard\libc_nano.a(lib_a-mlock.o)
 .ARM.attributes
                0x00000000000007f4       0x34 c:/st/stm32cubeide_1.5.0/stm32cubeide/plugins/com.st.stm32cube.ide.mcu.externaltools.gnu-tools-for-stm32.9-2020-q2-update.win32_1.5.0.202011040924/tools/bin/../lib/gcc/arm-none-eabi/9.3.1/../../../../arm-none-eabi/lib/thumb/v7e-m+fp/hard\libc_nano.a(lib_a-nano-msizer.o)
 .ARM.attributes
                0x0000000000000828       0x34 c:/st/stm32cubeide_1.5.0/stm32cubeide/plugins/com.st.stm32cube.ide.mcu.externaltools.gnu-tools-for-stm32.9-2020-q2-update.win32_1.5.0.202011040924/tools/bin/../lib/gcc/arm-none-eabi/9.3.1/../../../../arm-none-eabi/lib/thumb/v7e-m+fp/hard\libc_nano.a(lib_a-reent.o)
 .ARM.attributes
                0x000000000000085c       0x34 c:/st/stm32cubeide_1.5.0/stm32cubeide/plugins/com.st.stm32cube.ide.mcu.externaltools.gnu-tools-for-stm32.9-2020-q2-update.win32_1.5.0.202011040924/tools/bin/../lib/gcc/arm-none-eabi/9.3.1/../../../../arm-none-eabi/lib/thumb/v7e-m+fp/hard\libc_nano.a(lib_a-lock.o)
 .ARM.attributes
                0x0000000000000890       0x1e c:/st/stm32cubeide_1.5.0/stm32cubeide/plugins/com.st.stm32cube.ide.mcu.externaltools.gnu-tools-for-stm32.9-2020-q2-update.win32_1.5.0.202011040924/tools/bin/../lib/gcc/arm-none-eabi/9.3.1/thumb/v7e-m+fp/hard\libgcc.a(_aeabi_uldivmod.o)
 .ARM.attributes
                0x00000000000008ae       0x34 c:/st/stm32cubeide_1.5.0/stm32cubeide/plugins/com.st.stm32cube.ide.mcu.externaltools.gnu-tools-for-stm32.9-2020-q2-update.win32_1.5.0.202011040924/tools/bin/../lib/gcc/arm-none-eabi/9.3.1/thumb/v7e-m+fp/hard\libgcc.a(_udivmoddi4.o)
 .ARM.attributes
                0x00000000000008e2       0x1e c:/st/stm32cubeide_1.5.0/stm32cubeide/plugins/com.st.stm32cube.ide.mcu.externaltools.gnu-tools-for-stm32.9-2020-q2-update.win32_1.5.0.202011040924/tools/bin/../lib/gcc/arm-none-eabi/9.3.1/thumb/v7e-m+fp/hard\libgcc.a(_dvmd_tls.o)
 .ARM.attributes
                0x0000000000000900       0x1e c:/st/stm32cubeide_1.5.0/stm32cubeide/plugins/com.st.stm32cube.ide.mcu.externaltools.gnu-tools-for-stm32.9-2020-q2-update.win32_1.5.0.202011040924/tools/bin/../lib/gcc/arm-none-eabi/9.3.1/thumb/v7e-m+fp/hard/crtn.o
OUTPUT(potansraw.elf elf32-littlearm)
LOAD linker stubs
LOAD c:/st/stm32cubeide_1.5.0/stm32cubeide/plugins/com.st.stm32cube.ide.mcu.externaltools.gnu-tools-for-stm32.9-2020-q2-update.win32_1.5.0.202011040924/tools/bin/../lib/gcc/arm-none-eabi/9.3.1/../../../../arm-none-eabi/lib/thumb/v7e-m+fp/hard\libc.a
LOAD c:/st/stm32cubeide_1.5.0/stm32cubeide/plugins/com.st.stm32cube.ide.mcu.externaltools.gnu-tools-for-stm32.9-2020-q2-update.win32_1.5.0.202011040924/tools/bin/../lib/gcc/arm-none-eabi/9.3.1/../../../../arm-none-eabi/lib/thumb/v7e-m+fp/hard\libm.a
LOAD c:/st/stm32cubeide_1.5.0/stm32cubeide/plugins/com.st.stm32cube.ide.mcu.externaltools.gnu-tools-for-stm32.9-2020-q2-update.win32_1.5.0.202011040924/tools/bin/../lib/gcc/arm-none-eabi/9.3.1/thumb/v7e-m+fp/hard\libgcc.a

.debug_info     0x0000000000000000    0x15b3c
 .debug_info    0x0000000000000000     0x1c75 Core/Src/main.o
 .debug_info    0x0000000000001c75      0xa5d Core/Src/stm32f4xx_hal_msp.o
 .debug_info    0x00000000000026d2      0x947 Core/Src/stm32f4xx_it.o
 .debug_info    0x0000000000003019      0xa25 Core/Src/sysmem.o
 .debug_info    0x0000000000003a3e      0x5a4 Core/Src/system_stm32f4xx.o
 .debug_info    0x0000000000003fe2       0x22 Core/Startup/startup_stm32f407vgtx.o
 .debug_info    0x0000000000004004      0x9b2 Drivers/STM32F4xx_HAL_Driver/Src/stm32f4xx_hal.o
 .debug_info    0x00000000000049b6      0xdbc Drivers/STM32F4xx_HAL_Driver/Src/stm32f4xx_hal_adc.o
 .debug_info    0x0000000000005772      0xed7 Drivers/STM32F4xx_HAL_Driver/Src/stm32f4xx_hal_cortex.o
 .debug_info    0x0000000000006649      0x9f1 Drivers/STM32F4xx_HAL_Driver/Src/stm32f4xx_hal_dma.o
 .debug_info    0x000000000000703a      0x83e Drivers/STM32F4xx_HAL_Driver/Src/stm32f4xx_hal_gpio.o
 .debug_info    0x0000000000007878     0x12dd Drivers/STM32F4xx_HAL_Driver/Src/stm32f4xx_hal_pcd.o
 .debug_info    0x0000000000008b55      0x7c3 Drivers/STM32F4xx_HAL_Driver/Src/stm32f4xx_hal_pcd_ex.o
 .debug_info    0x0000000000009318      0x996 Drivers/STM32F4xx_HAL_Driver/Src/stm32f4xx_hal_rcc.o
 .debug_info    0x0000000000009cae     0x1a8c Drivers/STM32F4xx_HAL_Driver/Src/stm32f4xx_ll_usb.o
 .debug_info    0x000000000000b73a     0x198b Middlewares/ST/STM32_USB_Device_Library/Class/CDC/Src/usbd_cdc.o
 .debug_info    0x000000000000d0c5     0x13a7 Middlewares/ST/STM32_USB_Device_Library/Core/Src/usbd_core.o
 .debug_info    0x000000000000e46c     0x1373 Middlewares/ST/STM32_USB_Device_Library/Core/Src/usbd_ctlreq.o
 .debug_info    0x000000000000f7df     0x1095 Middlewares/ST/STM32_USB_Device_Library/Core/Src/usbd_ioreq.o
 .debug_info    0x0000000000010874      0xffe USB_DEVICE/App/usb_device.o
 .debug_info    0x0000000000011872     0x122f USB_DEVICE/App/usbd_cdc_if.o
 .debug_info    0x0000000000012aa1      0xdfa USB_DEVICE/App/usbd_desc.o
 .debug_info    0x000000000001389b     0x22a1 USB_DEVICE/Target/usbd_conf.o

.debug_abbrev   0x0000000000000000     0x348c
 .debug_abbrev  0x0000000000000000      0x2fe Core/Src/main.o
 .debug_abbrev  0x00000000000002fe      0x1ac Core/Src/stm32f4xx_hal_msp.o
 .debug_abbrev  0x00000000000004aa      0x1b4 Core/Src/stm32f4xx_it.o
 .debug_abbrev  0x000000000000065e      0x1bf Core/Src/sysmem.o
 .debug_abbrev  0x000000000000081d      0x145 Core/Src/system_stm32f4xx.o
 .debug_abbrev  0x0000000000000962       0x12 Core/Startup/startup_stm32f407vgtx.o
 .debug_abbrev  0x0000000000000974      0x1ed Drivers/STM32F4xx_HAL_Driver/Src/stm32f4xx_hal.o
 .debug_abbrev  0x0000000000000b61      0x22f Drivers/STM32F4xx_HAL_Driver/Src/stm32f4xx_hal_adc.o
 .debug_abbrev  0x0000000000000d90      0x33c Drivers/STM32F4xx_HAL_Driver/Src/stm32f4xx_hal_cortex.o
 .debug_abbrev  0x00000000000010cc      0x259 Drivers/STM32F4xx_HAL_Driver/Src/stm32f4xx_hal_dma.o
 .debug_abbrev  0x0000000000001325      0x1f1 Drivers/STM32F4xx_HAL_Driver/Src/stm32f4xx_hal_gpio.o
 .debug_abbrev  0x0000000000001516      0x2a0 Drivers/STM32F4xx_HAL_Driver/Src/stm32f4xx_hal_pcd.o
 .debug_abbrev  0x00000000000017b6      0x1fb Drivers/STM32F4xx_HAL_Driver/Src/stm32f4xx_hal_pcd_ex.o
 .debug_abbrev  0x00000000000019b1      0x275 Drivers/STM32F4xx_HAL_Driver/Src/stm32f4xx_hal_rcc.o
 .debug_abbrev  0x0000000000001c26      0x2a7 Drivers/STM32F4xx_HAL_Driver/Src/stm32f4xx_ll_usb.o
 .debug_abbrev  0x0000000000001ecd      0x2fc Middlewares/ST/STM32_USB_Device_Library/Class/CDC/Src/usbd_cdc.o
 .debug_abbrev  0x00000000000021c9      0x2b7 Middlewares/ST/STM32_USB_Device_Library/Core/Src/usbd_core.o
 .debug_abbrev  0x0000000000002480      0x2fc Middlewares/ST/STM32_USB_Device_Library/Core/Src/usbd_ctlreq.o
 .debug_abbrev  0x000000000000277c      0x22a Middlewares/ST/STM32_USB_Device_Library/Core/Src/usbd_ioreq.o
 .debug_abbrev  0x00000000000029a6      0x204 USB_DEVICE/App/usb_device.o
 .debug_abbrev  0x0000000000002baa      0x30c USB_DEVICE/App/usbd_cdc_if.o
 .debug_abbrev  0x0000000000002eb6      0x2aa USB_DEVICE/App/usbd_desc.o
 .debug_abbrev  0x0000000000003160      0x32c USB_DEVICE/Target/usbd_conf.o

.debug_aranges  0x0000000000000000      0xcd0
 .debug_aranges
                0x0000000000000000       0x58 Core/Src/main.o
 .debug_aranges
                0x0000000000000058       0x30 Core/Src/stm32f4xx_hal_msp.o
 .debug_aranges
                0x0000000000000088       0x70 Core/Src/stm32f4xx_it.o
 .debug_aranges
                0x00000000000000f8       0x20 Core/Src/sysmem.o
 .debug_aranges
                0x0000000000000118       0x28 Core/Src/system_stm32f4xx.o
 .debug_aranges
                0x0000000000000140       0x28 Core/Startup/startup_stm32f407vgtx.o
 .debug_aranges
                0x0000000000000168       0xf0 Drivers/STM32F4xx_HAL_Driver/Src/stm32f4xx_hal.o
 .debug_aranges
                0x0000000000000258       0xe8 Drivers/STM32F4xx_HAL_Driver/Src/stm32f4xx_hal_adc.o
 .debug_aranges
                0x0000000000000340      0x118 Drivers/STM32F4xx_HAL_Driver/Src/stm32f4xx_hal_cortex.o
 .debug_aranges
                0x0000000000000458       0x90 Drivers/STM32F4xx_HAL_Driver/Src/stm32f4xx_hal_dma.o
 .debug_aranges
                0x00000000000004e8       0x58 Drivers/STM32F4xx_HAL_Driver/Src/stm32f4xx_hal_gpio.o
 .debug_aranges
                0x0000000000000540      0x138 Drivers/STM32F4xx_HAL_Driver/Src/stm32f4xx_hal_pcd.o
 .debug_aranges
                0x0000000000000678       0x38 Drivers/STM32F4xx_HAL_Driver/Src/stm32f4xx_hal_pcd_ex.o
 .debug_aranges
                0x00000000000006b0       0x88 Drivers/STM32F4xx_HAL_Driver/Src/stm32f4xx_hal_rcc.o
 .debug_aranges
                0x0000000000000738      0x198 Drivers/STM32F4xx_HAL_Driver/Src/stm32f4xx_ll_usb.o
 .debug_aranges
                0x00000000000008d0       0x90 Middlewares/ST/STM32_USB_Device_Library/Class/CDC/Src/usbd_cdc.o
 .debug_aranges
                0x0000000000000960       0xb8 Middlewares/ST/STM32_USB_Device_Library/Core/Src/usbd_core.o
 .debug_aranges
                0x0000000000000a18       0x90 Middlewares/ST/STM32_USB_Device_Library/Core/Src/usbd_ctlreq.o
 .debug_aranges
                0x0000000000000aa8       0x50 Middlewares/ST/STM32_USB_Device_Library/Core/Src/usbd_ioreq.o
 .debug_aranges
                0x0000000000000af8       0x20 USB_DEVICE/App/usb_device.o
 .debug_aranges
                0x0000000000000b18       0x48 USB_DEVICE/App/usbd_cdc_if.o
 .debug_aranges
                0x0000000000000b60       0x60 USB_DEVICE/App/usbd_desc.o
 .debug_aranges
                0x0000000000000bc0      0x110 USB_DEVICE/Target/usbd_conf.o

.debug_ranges   0x0000000000000000      0xb68
 .debug_ranges  0x0000000000000000       0x48 Core/Src/main.o
 .debug_ranges  0x0000000000000048       0x20 Core/Src/stm32f4xx_hal_msp.o
 .debug_ranges  0x0000000000000068       0x60 Core/Src/stm32f4xx_it.o
 .debug_ranges  0x00000000000000c8       0x10 Core/Src/sysmem.o
 .debug_ranges  0x00000000000000d8       0x18 Core/Src/system_stm32f4xx.o
 .debug_ranges  0x00000000000000f0       0x20 Core/Startup/startup_stm32f407vgtx.o
 .debug_ranges  0x0000000000000110       0xe0 Drivers/STM32F4xx_HAL_Driver/Src/stm32f4xx_hal.o
 .debug_ranges  0x00000000000001f0       0xd8 Drivers/STM32F4xx_HAL_Driver/Src/stm32f4xx_hal_adc.o
 .debug_ranges  0x00000000000002c8      0x108 Drivers/STM32F4xx_HAL_Driver/Src/stm32f4xx_hal_cortex.o
 .debug_ranges  0x00000000000003d0       0x80 Drivers/STM32F4xx_HAL_Driver/Src/stm32f4xx_hal_dma.o
 .debug_ranges  0x0000000000000450       0x48 Drivers/STM32F4xx_HAL_Driver/Src/stm32f4xx_hal_gpio.o
 .debug_ranges  0x0000000000000498      0x128 Drivers/STM32F4xx_HAL_Driver/Src/stm32f4xx_hal_pcd.o
 .debug_ranges  0x00000000000005c0       0x28 Drivers/STM32F4xx_HAL_Driver/Src/stm32f4xx_hal_pcd_ex.o
 .debug_ranges  0x00000000000005e8       0x78 Drivers/STM32F4xx_HAL_Driver/Src/stm32f4xx_hal_rcc.o
 .debug_ranges  0x0000000000000660      0x188 Drivers/STM32F4xx_HAL_Driver/Src/stm32f4xx_ll_usb.o
 .debug_ranges  0x00000000000007e8       0x80 Middlewares/ST/STM32_USB_Device_Library/Class/CDC/Src/usbd_cdc.o
 .debug_ranges  0x0000000000000868       0xa8 Middlewares/ST/STM32_USB_Device_Library/Core/Src/usbd_core.o
 .debug_ranges  0x0000000000000910       0x80 Middlewares/ST/STM32_USB_Device_Library/Core/Src/usbd_ctlreq.o
 .debug_ranges  0x0000000000000990       0x40 Middlewares/ST/STM32_USB_Device_Library/Core/Src/usbd_ioreq.o
 .debug_ranges  0x00000000000009d0       0x10 USB_DEVICE/App/usb_device.o
 .debug_ranges  0x00000000000009e0       0x38 USB_DEVICE/App/usbd_cdc_if.o
 .debug_ranges  0x0000000000000a18       0x50 USB_DEVICE/App/usbd_desc.o
 .debug_ranges  0x0000000000000a68      0x100 USB_DEVICE/Target/usbd_conf.o

.debug_macro    0x0000000000000000    0x246ee
 .debug_macro   0x0000000000000000      0x441 Core/Src/main.o
 .debug_macro   0x0000000000000441      0xaa8 Core/Src/main.o
 .debug_macro   0x0000000000000ee9      0x29b Core/Src/main.o
 .debug_macro   0x0000000000001184       0x2e Core/Src/main.o
 .debug_macro   0x00000000000011b2       0x2f Core/Src/main.o
 .debug_macro   0x00000000000011e1       0x22 Core/Src/main.o
 .debug_macro   0x0000000000001203       0x8e Core/Src/main.o
 .debug_macro   0x0000000000001291       0x51 Core/Src/main.o
 .debug_macro   0x00000000000012e2      0x103 Core/Src/main.o
 .debug_macro   0x00000000000013e5       0x6a Core/Src/main.o
 .debug_macro   0x000000000000144f      0x1df Core/Src/main.o
 .debug_macro   0x000000000000162e       0x1c Core/Src/main.o
 .debug_macro   0x000000000000164a       0x22 Core/Src/main.o
 .debug_macro   0x000000000000166c       0xdf Core/Src/main.o
 .debug_macro   0x000000000000174b     0x102d Core/Src/main.o
 .debug_macro   0x0000000000002778      0x11f Core/Src/main.o
 .debug_macro   0x0000000000002897    0x15e3c Core/Src/main.o
 .debug_macro   0x00000000000186d3       0x43 Core/Src/main.o
 .debug_macro   0x0000000000018716     0x3659 Core/Src/main.o
 .debug_macro   0x000000000001bd6f      0x174 Core/Src/main.o
 .debug_macro   0x000000000001bee3       0x5c Core/Src/main.o
 .debug_macro   0x000000000001bf3f      0x96b Core/Src/main.o
 .debug_macro   0x000000000001c8aa      0x9fe Core/Src/main.o
 .debug_macro   0x000000000001d2a8      0x117 Core/Src/main.o
 .debug_macro   0x000000000001d3bf      0x13e Core/Src/main.o
 .debug_macro   0x000000000001d4fd       0x82 Core/Src/main.o