main.c:95:5:main	8	static
main.c:159:6:SystemClock_Config	104	static
main.c:211:13:MX_ADC1_Init	24	static
main.c:261:13:MX_ADC2_Init	24	static
main.c:311:13:MX_I2C1_Init	8	static
main.c:345:13:MX_I2S3_Init	8	static
main.c:379:13:MX_SPI1_Init	8	static
main.c:417:13:MX_TIM3_Init	48	static
main.c:464:13:MX_DMA_Init	16	static
main.c:485:13:MX_GPIO_Init	56	static
main.c:567:6:HAL_ADC_ConvCpltCallback	16	static
main.c:587:7:HAL_ADC_ConvHalfCpltCallback	16	static
main.c:591:7:HAL_TIM_PeriodElapsedCallback	16	static
main.c:603:6:Error_Handler	4	static,ignoring_inline_asm
